Component: ARM Compiler 5.06 update 3 (build 300) Tool: armlink [4d35c9]

==============================================================================

Section Cross References

    main.o(i.main) refers to misc.o(i.NVIC_PriorityGroupConfig) for NVIC_PriorityGroupConfig
    main.o(i.main) refers to usart.o(i.Usart1_Init) for Usart1_Init
    main.o(i.main) refers to usart.o(i.Usart2_Init) for Usart2_Init
    main.o(i.main) refers to delay.o(i.delay_init) for delay_init
    main.o(i.main) refers to mpu6050.o(i.MPU_Init) for MPU_Init
    main.o(i.main) refers to esp8266.o(i.ESP8266_Init) for ESP8266_Init
    main.o(i.main) refers to delay.o(i.delay_ms) for delay_ms
    main.o(i.main) refers to onenet.o(i.OneNet_DevLink) for OneNet_DevLink
    main.o(i.main) refers to onenet.o(i.OneNet_Subscribe) for OneNet_Subscribe
    main.o(i.main) refers to inv_mpu.o(i.mpu_dmp_init) for mpu_dmp_init
    main.o(i.main) refers to inv_mpu.o(i.mpu_dmp_get_data) for mpu_dmp_get_data
    main.o(i.main) refers to mpu6050.o(i.MPU_Get_Accelerometer) for MPU_Get_Accelerometer
    main.o(i.main) refers to mpu6050.o(i.MPU_Get_Gyroscope) for MPU_Get_Gyroscope
    main.o(i.main) refers to fmul.o(x$fpl$fmul) for __aeabi_fmul
    main.o(i.main) refers to ffix.o(x$fpl$ffix) for __aeabi_f2iz
    main.o(i.main) refers to usart.o(i.UsartPrintf) for UsartPrintf
    main.o(i.main) refers to onenet.o(i.OneNet_Publish) for OneNet_Publish
    main.o(i.main) refers to esp8266.o(i.ESP8266_Clear) for ESP8266_Clear
    main.o(i.main) refers to esp8266.o(i.ESP8266_GetIPD) for ESP8266_GetIPD
    main.o(i.main) refers to onenet.o(i.OneNet_RevPro) for OneNet_RevPro
    main.o(i.main) refers to main.o(.data) for topics
    main.o(.data) refers to main.o(.conststring) for .conststring
    system_stm32f10x.o(i.SetSysClock) refers to system_stm32f10x.o(i.SetSysClockTo72) for SetSysClockTo72
    system_stm32f10x.o(i.SystemCoreClockUpdate) refers to system_stm32f10x.o(.data) for SystemCoreClock
    system_stm32f10x.o(i.SystemInit) refers to system_stm32f10x.o(i.SetSysClock) for SetSysClock
    led.o(i.LED_Init) refers to stm32f10x_rcc.o(i.RCC_APB2PeriphClockCmd) for RCC_APB2PeriphClockCmd
    led.o(i.LED_Init) refers to stm32f10x_gpio.o(i.GPIO_Init) for GPIO_Init
    led.o(i.LED_Init) refers to stm32f10x_gpio.o(i.GPIO_SetBits) for GPIO_SetBits
    key.o(i.KEY_Init) refers to stm32f10x_rcc.o(i.RCC_APB2PeriphClockCmd) for RCC_APB2PeriphClockCmd
    key.o(i.KEY_Init) refers to stm32f10x_gpio.o(i.GPIO_Init) for GPIO_Init
    key.o(i.KEY_Scan) refers to stm32f10x_gpio.o(i.GPIO_ReadInputDataBit) for GPIO_ReadInputDataBit
    key.o(i.KEY_Scan) refers to delay.o(i.delay_ms) for delay_ms
    key.o(i.KEY_Scan) refers to key.o(.data) for key_up
    lcd.o(i.LCD_Clear) refers to lcd.o(i.LCD_SetCursor) for LCD_SetCursor
    lcd.o(i.LCD_Clear) refers to lcd.o(i.LCD_WriteRAM_Prepare) for LCD_WriteRAM_Prepare
    lcd.o(i.LCD_Clear) refers to lcd.o(.bss) for lcddev
    lcd.o(i.LCD_Color_Fill) refers to lcd.o(i.LCD_SetCursor) for LCD_SetCursor
    lcd.o(i.LCD_Color_Fill) refers to lcd.o(i.LCD_WriteRAM_Prepare) for LCD_WriteRAM_Prepare
    lcd.o(i.LCD_DisplayOff) refers to lcd.o(i.LCD_WR_REG) for LCD_WR_REG
    lcd.o(i.LCD_DisplayOff) refers to lcd.o(i.LCD_WriteReg) for LCD_WriteReg
    lcd.o(i.LCD_DisplayOff) refers to lcd.o(.bss) for lcddev
    lcd.o(i.LCD_DisplayOn) refers to lcd.o(i.LCD_WR_REG) for LCD_WR_REG
    lcd.o(i.LCD_DisplayOn) refers to lcd.o(i.LCD_WriteReg) for LCD_WriteReg
    lcd.o(i.LCD_DisplayOn) refers to lcd.o(.bss) for lcddev
    lcd.o(i.LCD_Display_Dir) refers to lcd.o(i.LCD_Scan_Dir) for LCD_Scan_Dir
    lcd.o(i.LCD_Display_Dir) refers to lcd.o(.bss) for lcddev
    lcd.o(i.LCD_DrawLine) refers to lcd.o(i.LCD_DrawPoint) for LCD_DrawPoint
    lcd.o(i.LCD_DrawPoint) refers to lcd.o(i.LCD_SetCursor) for LCD_SetCursor
    lcd.o(i.LCD_DrawPoint) refers to lcd.o(i.LCD_WriteRAM_Prepare) for LCD_WriteRAM_Prepare
    lcd.o(i.LCD_DrawPoint) refers to lcd.o(.data) for POINT_COLOR
    lcd.o(i.LCD_DrawRectangle) refers to lcd.o(i.LCD_DrawLine) for LCD_DrawLine
    lcd.o(i.LCD_Draw_Circle) refers to lcd.o(i.LCD_DrawPoint) for LCD_DrawPoint
    lcd.o(i.LCD_Fast_DrawPoint) refers to lcd.o(i.LCD_WR_REG) for LCD_WR_REG
    lcd.o(i.LCD_Fast_DrawPoint) refers to lcd.o(i.LCD_WR_DATA) for LCD_WR_DATA
    lcd.o(i.LCD_Fast_DrawPoint) refers to lcd.o(i.LCD_WriteReg) for LCD_WriteReg
    lcd.o(i.LCD_Fast_DrawPoint) refers to lcd.o(.bss) for lcddev
    lcd.o(i.LCD_Fill) refers to lcd.o(i.LCD_SetCursor) for LCD_SetCursor
    lcd.o(i.LCD_Fill) refers to lcd.o(i.LCD_WriteRAM_Prepare) for LCD_WriteRAM_Prepare
    lcd.o(i.LCD_Fill) refers to lcd.o(.bss) for lcddev
    lcd.o(i.LCD_Init) refers to _printf_percent.o(.ARM.Collect$$_printf_percent$$00000000) for _printf_percent
    lcd.o(i.LCD_Init) refers to _printf_x.o(.ARM.Collect$$_printf_percent$$0000000C) for _printf_x
    lcd.o(i.LCD_Init) refers to _printf_hex_int_ll_ptr.o(.text) for _printf_longlong_hex
[...]
    __rt_entry_presh_1                       0x08000261   Thumb Code     0  __rtentry2.o(.ARM.Collect$$rtentry$$00000002)
    __rt_entry_sh                            0x08000261   Thumb Code     0  __rtentry4.o(.ARM.Collect$$rtentry$$00000004)
    __rt_entry_li                            0x08000267   Thumb Code     0  __rtentry2.o(.ARM.Collect$$rtentry$$0000000A)
    __rt_entry_postsh_1                      0x08000267   Thumb Code     0  __rtentry2.o(.ARM.Collect$$rtentry$$00000009)
    __rt_entry_main                          0x0800026b   Thumb Code     0  __rtentry2.o(.ARM.Collect$$rtentry$$0000000D)
    __rt_entry_postli_1                      0x0800026b   Thumb Code     0  __rtentry2.o(.ARM.Collect$$rtentry$$0000000C)
    __rt_exit                                0x08000273   Thumb Code     0  rtexit.o(.ARM.Collect$$rtexit$$00000000)
    __rt_exit_ls                             0x08000275   Thumb Code     0  rtexit2.o(.ARM.Collect$$rtexit$$00000003)
    __rt_exit_prels_1                        0x08000275   Thumb Code     0  rtexit2.o(.ARM.Collect$$rtexit$$00000002)
    __rt_exit_exit                           0x08000279   Thumb Code     0  rtexit2.o(.ARM.Collect$$rtexit$$00000004)
    Reset_Handler                            0x08000281   Thumb Code     8  startup_stm32f10x_hd.o(.text)
    _maybe_terminate_alloc                   0x08000281   Thumb Code     0  maybetermalloc1.o(.emb_text)
    ADC1_2_IRQHandler                        0x0800029b   Thumb Code     0  startup_stm32f10x_hd.o(.text)
    ADC3_IRQHandler                          0x0800029b   Thumb Code     0  startup_stm32f10x_hd.o(.text)
    CAN1_RX1_IRQHandler                      0x0800029b   Thumb Code     0  startup_stm32f10x_hd.o(.text)
    CAN1_SCE_IRQHandler                      0x0800029b   Thumb Code     0  startup_stm32f10x_hd.o(.text)
    DMA1_Channel1_IRQHandler                 0x0800029b   Thumb Code     0  startup_stm32f10x_hd.o(.text)
    DMA1_Channel2_IRQHandler                 0x0800029b   Thumb Code     0  startup_stm32f10x_hd.o(.text)
    DMA1_Channel3_IRQHandler                 0x0800029b   Thumb Code     0  startup_stm32f10x_hd.o(.text)
    DMA1_Channel4_IRQHandler                 0x0800029b   Thumb Code     0  startup_stm32f10x_hd.o(.text)
    DMA1_Channel5_IRQHandler                 0x0800029b   Thumb Code     0  startup_stm32f10x_hd.o(.text)
    DMA1_Channel6_IRQHandler                 0x0800029b   Thumb Code     0  startup_stm32f10x_hd.o(.text)
    DMA1_Channel7_IRQHandler                 0x0800029b   Thumb Code     0  startup_stm32f10x_hd.o(.text)
    DMA2_Channel1_IRQHandler                 0x0800029b   Thumb Code     0  startup_stm32f10x_hd.o(.text)
    DMA2_Channel2_IRQHandler                 0x0800029b   Thumb Code     0  startup_stm32f10x_hd.o(.text)
    DMA2_Channel3_IRQHandler                 0x0800029b   Thumb Code     0  startup_stm32f10x_hd.o(.text)
    DMA2_Channel4_5_IRQHandler               0x0800029b   Thumb Code     0  startup_stm32f10x_hd.o(.text)
    EXTI0_IRQHandler                         0x0800029b   Thumb Code     0  startup_stm32f10x_hd.o(.text)
    EXTI15_10_IRQHandler                     0x0800029b   Thumb Code     0  startup_stm32f10x_hd.o(.text)
    EXTI1_IRQHandler                         0x0800029b   Thumb Code     0  startup_stm32f10x_hd.o(.text)
    EXTI2_IRQHandler                         0x0800029b   Thumb Code     0  startup_stm32f10x_hd.o(.text)
    EXTI3_IRQHandler                         0x0800029b   Thumb Code     0  startup_stm32f10x_hd.o(.text)
    EXTI4_IRQHandler                         0x0800029b   Thumb Code     0  startup_stm32f10x_hd.o(.text)
    EXTI9_5_IRQHandler                       0x0800029b   Thumb Code     0  startup_stm32f10x_hd.o(.text)
    FLASH_IRQHandler                         0x0800029b   Thumb Code     0  startup_stm32f10x_hd.o(.text)
    FSMC_IRQHandler                          0x0800029b   Thumb Code     0  startup_stm32f10x_hd.o(.text)
    I2C1_ER_IRQHandler                       0x0800029b   Thumb Code     0  startup_stm32f10x_hd.o(.text)
    I2C1_EV_IRQHandler                       0x0800029b   Thumb Code     0  startup_stm32f10x_hd.o(.text)
    I2C2_ER_IRQHandler                       0x0800029b   Thumb Code     0  startup_stm32f10x_hd.o(.text)
    I2C2_EV_IRQHandler                       0x0800029b   Thumb Code     0  startup_stm32f10x_hd.o(.text)
    PVD_IRQHandler                           0x0800029b   Thumb Code     0  startup_stm32f10x_hd.o(.text)
    RCC_IRQHandler                           0x0800029b   Thumb Code     0  startup_stm32f10x_hd.o(.text)
    RTCAlarm_IRQHandler                      0x0800029b   Thumb Code     0  startup_stm32f10x_hd.o(.text)
    RTC_IRQHandler                           0x0800029b   Thumb Code     0  startup_stm32f10x_hd.o(.text)
    SDIO_IRQHandler                          0x0800029b   Thumb Code     0  startup_stm32f10x_hd.o(.text)
    SPI1_IRQHandler                          0x0800029b   Thumb Code     0  startup_stm32f10x_hd.o(.text)
    SPI2_IRQHandler                          0x0800029b   Thumb Code     0  startup_stm32f10x_hd.o(.text)
    SPI3_IRQHandler                          0x0800029b   Thumb Code     0  startup_stm32f10x_hd.o(.text)
    TAMPER_IRQHandler                        0x0800029b   Thumb Code     0  startup_stm32f10x_hd.o(.text)
    TIM1_BRK_IRQHandler                      0x0800029b   Thumb Code     0  startup_stm32f10x_hd.o(.text)
    TIM1_CC_IRQHandler                       0x0800029b   Thumb Code     0  startup_stm32f10x_hd.o(.text)
    TIM1_TRG_COM_IRQHandler                  0x0800029b   Thumb Code     0  startup_stm32f10x_hd.o(.text)
    TIM1_UP_IRQHandler                       0x0800029b   Thumb Code     0  startup_stm32f10x_hd.o(.text)
    TIM2_IRQHandler                          0x0800029b   Thumb Code     0  startup_stm32f10x_hd.o(.text)
    TIM3_IRQHandler                          0x0800029b   Thumb Code     0  startup_stm32f10x_hd.o(.text)
    TIM4_IRQHandler                          0x0800029b   Thumb Code     0  startup_stm32f10x_hd.o(.text)
    TIM5_IRQHandler                          0x0800029b   Thumb Code     0  startup_stm32f10x_hd.o(.text)
    TIM6_IRQHandler                          0x0800029b   Thumb Code     0  startup_stm32f10x_hd.o(.text)
    TIM7_IRQHandler                          0x0800029b   Thumb Code     0  startup_stm32f10x_hd.o(.text)
    TIM8_BRK_IRQHandler                      0x0800029b   Thumb Code     0  startup_stm32f10x_hd.o(.text)
    TIM8_CC_IRQHandler                       0x0800029b   Thumb Code     0  startup_stm32f10x_hd.o(.text)
    TIM8_TRG_COM_IRQHandler                  0x0800029b   Thumb Code     0  startup_stm32f10x_hd.o(.text)
    TIM8_UP_IRQHandler                       0x0800029b   Thumb Code     0  startup_stm32f10x_hd.o(.text)
    UART4_IRQHandler                         0x0800029b   Thumb Code     0  startup_stm32f10x_hd.o(.text)
    UART5_IRQHandler                         0x0800029b   Thumb Code     0  startup_stm32f10x_hd.o(.text)
    USART3_IRQHandler                        0x0800029b   Thumb Code     0  startup_stm32f10x_hd.o(.text)
    USBWakeUp_IRQHandler                     0x0800029b   Thumb Code     0  startup_stm32f10x_hd.o(.text)
    USB_HP_CAN1_TX_IRQHandler                0x0800029b   Thumb Code     0  startup_stm32f10x_hd.o(.text)
    USB_LP_CAN1_RX0_IRQHandler               0x0800029b   Thumb Code     0  startup_stm32f10x_hd.o(.text)
    WWDG_IRQHandler                          0x0800029b   Thumb Code     0  startup_stm32f10x_hd.o(.text)
    __user_initial_stackheap                 0x0800029d   Thumb Code     0  startup_stm32f10x_hd.o(.text)
    __use_no_semihosting                     0x080002c1   Thumb Code     2  use_no_semi_2.o(.text)
    malloc                                   0x080002c3   Thumb Code    94  h1_alloc.o(.text)
    free                                     0x08000321   Thumb Code    78  h1_free.o(.text)
    __aeabi_ldivmod                          0x0800036f   Thumb Code     0  llsdiv.o(.text)
    _ll_sdiv                                 0x0800036f   Thumb Code    72  llsdiv.o(.text)
    __c89vsnprintf                           0x080003b9   Thumb Code    48  c89vsnprintf.o(.text)
    __2printf                                0x080003ed   Thumb Code    20  __2printf.o(.text)
    __2sprintf                               0x08000405   Thumb Code    38  __2sprintf.o(.text)
    _printf_pre_padding                      0x08000431   Thumb Code    44  _printf_pad.o(.text)
    _printf_post_padding                     0x0800045d   Thumb Code    34  _printf_pad.o(.text)
    _printf_str                              0x0800047f   Thumb Code    82  _printf_str.o(.text)
    _printf_int_dec                          0x080004d1   Thumb Code   104  _printf_dec.o(.text)
    _printf_longlong_hex                     0x08000549   Thumb Code    86  _printf_hex_int_ll_ptr.o(.text)
    _printf_int_hex                          0x0800059f   Thumb Code    28  _printf_hex_int_ll_ptr.o(.text)
    _printf_ll_hex                           0x080005bb   Thumb Code    12  _printf_hex_int_ll_ptr.o(.text)
    _printf_hex_ptr                          0x080005c7   Thumb Code    18  _printf_hex_int_ll_ptr.o(.text)
    __printf                                 0x080005dd   Thumb Code   388  __printf_flags_ss_wp.o(.text)
    atoi                                     0x08000765   Thumb Code    26  atoi.o(.text)
    strchr                                   0x0800077f   Thumb Code    20  strchr.o(.text)
    strncat                                  0x08000793   Thumb Code    36  strncat.o(.text)
    strstr                                   0x080007b7   Thumb Code    36  strstr.o(.text)
    memcmp                                   0x080007db   Thumb Code    88  memcmp.o(.text)
    strlen                                   0x08000833   Thumb Code    62  strlen.o(.text)
    __aeabi_memcpy                           0x08000871   Thumb Code     0  rt_memcpy_v6.o(.text)
    __rt_memcpy                              0x08000871   Thumb Code   138  rt_memcpy_v6.o(.text)
    _memcpy_lastbytes                        0x080008d7   Thumb Code     0  rt_memcpy_v6.o(.text)
    __aeabi_memset                           0x080008fb   Thumb Code    16  aeabi_memset.o(.text)
    __aeabi_memclr                           0x0800090b   Thumb Code     0  rt_memclr.o(.text)
    __rt_memclr                              0x0800090b   Thumb Code    68  rt_memclr.o(.text)
    _memset                                  0x0800090f   Thumb Code     0  rt_memclr.o(.text)
    __use_two_region_memory                  0x0800094f   Thumb Code     2  heapauxi.o(.text)
    __rt_heap_escrow                         0x08000951   Thumb Code     2  heapauxi.o(.text)
    __rt_heap_expand                         0x08000953   Thumb Code     2  heapauxi.o(.text)
    __I$use$semihosting                      0x08000955   Thumb Code     0  use_no_semi.o(.text)
    __use_no_semihosting_swi                 0x08000955   Thumb Code     2  use_no_semi.o(.text)
    __rt_heap_descriptor                     0x08000959   Thumb Code     8  rt_heap_descriptor_intlibspace.o(.text)
    __aeabi_errno_addr                       0x08000961   Thumb Code     8  rt_errno_addr_intlibspace.o(.text)
    __errno$intlibspace                      0x08000961   Thumb Code     0  rt_errno_addr_intlibspace.o(.text)
    __rt_errno_addr$intlibspace              0x08000961   Thumb Code     0  rt_errno_addr_intlibspace.o(.text)
    __use_no_heap                            0x08000969   Thumb Code     2  hguard.o(.text)
    __heap$guard                             0x0800096b   Thumb Code     2  hguard.o(.text)
    _terminate_user_alloc                    0x0800096d   Thumb Code     2  init_alloc.o(.text)
    _init_user_alloc                         0x0800096f   Thumb Code     2  init_alloc.o(.text)
    __Heap_Full                              0x08000971   Thumb Code    34  init_alloc.o(.text)
    __Heap_Broken                            0x08000993   Thumb Code     6  init_alloc.o(.text)
    _init_alloc                              0x08000999   Thumb Code    94  init_alloc.o(.text)
    __Heap_Initialize                        0x080009f7   Thumb Code    10  h1_init.o(.text)
    __Heap_DescSize                          0x08000a01   Thumb Code     4  h1_init.o(.text)
    __aeabi_uldivmod                         0x08000a05   Thumb Code     0  lludivv7m.o(.text)
    _ll_udiv                                 0x08000a05   Thumb Code   238  lludivv7m.o(.text)
    __read_errno                             0x08000af3   Thumb Code    10  _rserrno.o(.text)
    __set_errno                              0x08000afd   Thumb Code    12  _rserrno.o(.text)
    _printf_truncate_signed                  0x08000b09   Thumb Code    18  _printf_truncate.o(.text)
    _printf_truncate_unsigned                0x08000b1b   Thumb Code    18  _printf_truncate.o(.text)
    _printf_int_common                       0x08000b2d   Thumb Code   178  _printf_intcommon.o(.text)
    _printf_charcount                        0x08000bdf   Thumb Code    40  _printf_charcount.o(.text)
    _printf_char_common                      0x08000c13   Thumb Code    32  _printf_char_common.o(.text)
    _sputc                                   0x08000c39   Thumb Code    10  _sputc.o(.text)
    _snputc                                  0x08000c43   Thumb Code    16  _snputc.o(.text)
    _printf_cs_common                        0x08000c53   Thumb Code    20  _printf_char.o(.text)
    _printf_char                             0x08000c67   Thumb Code    16  _printf_char.o(.text)
    _printf_string                           0x08000c77   Thumb Code     8  _printf_char.o(.text)
    _printf_char_file                        0x08000c81   Thumb Code    32  _printf_char_file.o(.text)
    _printf_wctomb                           0x08000ca5   Thumb Code   182  _printf_wctomb.o(.text)
    _printf_longlong_dec                     0x08000d61   Thumb Code   108  _printf_longlong_dec.o(.text)
    _printf_longlong_oct                     0x08000ddd   Thumb Code    68  _printf_oct_int_ll.o(.text)
    _printf_int_oct                          0x08000e21   Thumb Code    24  _printf_oct_int_ll.o(.text)
    _printf_ll_oct                           0x08000e39   Thumb Code    12  _printf_oct_int_ll.o(.text)
    strtol                                   0x08000e4d   Thumb Code   112  strtol.o(.text)
    __aeabi_memcpy4                          0x08000ebd   Thumb Code     0  rt_memcpy_w.o(.text)
    __aeabi_memcpy8                          0x08000ebd   Thumb Code     0  rt_memcpy_w.o(.text)
    __rt_memcpy_w                            0x08000ebd   Thumb Code   100  rt_memcpy_w.o(.text)
    _memcpy_lastbytes_aligned                0x08000f05   Thumb Code     0  rt_memcpy_w.o(.text)
    __aeabi_memclr4                          0x08000f21   Thumb Code     0  rt_memclr_w.o(.text)
    __aeabi_memclr8                          0x08000f21   Thumb Code     0  rt_memclr_w.o(.text)
    __rt_memclr_w                            0x08000f21   Thumb Code    78  rt_memclr_w.o(.text)
    _memset_w                                0x08000f25   Thumb Code     0  rt_memclr_w.o(.text)
    __user_libspace                          0x08000f71   Thumb Code     8  libspace.o(.text)
    __user_perproc_libspace                  0x08000f71   Thumb Code     0  libspace.o(.text)
    __user_perthread_libspace                0x08000f71   Thumb Code     0  libspace.o(.text)
    __rt_ctype_table                         0x08000f79   Thumb Code    16  rt_ctype_table.o(.text)
    __Heap_ProvideMemory                     0x08000f89   Thumb Code    52  h1_extend.o(.text)
    _ll_udiv10                               0x08000fbd   Thumb Code   138  lludiv10.o(.text)
    __lib_sel_fp_printf                      0x08001047   Thumb Code     2  _printf_fp_dec.o(.text)
    _printf_fp_dec_real                      0x080011f5   Thumb Code   620  _printf_fp_dec.o(.text)
    _printf_lcs_common                       0x08001461   Thumb Code    20  _printf_wchar.o(.text)
    _printf_wchar                            0x08001475   Thumb Code    16  _printf_wchar.o(.text)
    _printf_wstring                          0x08001485   Thumb Code     8  _printf_wchar.o(.text)
    _strtoul                                 0x0800148d   Thumb Code   158  _strtoul.o(.text)
    ferror                                   0x0800152b   Thumb Code     8  ferror.o(.text)
    _wcrtomb                                 0x08001533   Thumb Code    64  _wcrtomb.o(.text)
    __rt_SIGRTMEM                            0x08001573   Thumb Code    14  defsig_rtmem_outer.o(.text)
    __user_setup_stackheap                   0x08001581   Thumb Code    74  sys_stackheap_outer.o(.text)
    __rt_locale                              0x080015cd   Thumb Code     8  rt_locale_intlibspace.o(.text)
    _printf_fp_infnan                        0x080015d5   Thumb Code   112  _printf_fp_infnan.o(.text)
    _chval                                   0x08001655   Thumb Code    28  _chval.o(.text)
    _btod_etento                             0x08001671   Thumb Code   216  bigflt0.o(.text)
    exit                                     0x0800174d   Thumb Code    18  exit.o(.text)
    __sig_exit                               0x0800175f   Thumb Code    10  defsig_exit.o(.text)
    __rt_SIGRTMEM_inner                      0x08001769   Thumb Code    22  defsig_rtmem_inner.o(.text)
    __default_signal_display                 0x080017b9   Thumb Code    50  defsig_general.o(.text)
    strcmp                                   0x080017ed   Thumb Code   128  strcmpv7m.o(.text)
    _btod_d2e                                0x0800186d   Thumb Code    62  btod.o(CL$$btod_d2e)
    _d2e_denorm_low                          0x080018ab   Thumb Code    70  btod.o(CL$$btod_d2e_denorm_low)
    _d2e_norm_op1                            0x080018f1   Thumb Code    96  btod.o(CL$$btod_d2e_norm_op1)
    __btod_div_common                        0x08001951   Thumb Code   696  btod.o(CL$$btod_div_common)
    _e2e                                     0x08001c89   Thumb Code   198  btod.o(CL$$btod_e2e)
    _btod_ediv                               0x08001d4f   Thumb Code    40  btod.o(CL$$btod_ediv)
    _btod_emul                               0x08001d77   Thumb Code    40  btod.o(CL$$btod_emul)
    __btod_mult_common                       0x08001d9f   Thumb Code   580  btod.o(CL$$btod_mult_common)
    BusFault_Handler                         0x08001fe3   Thumb Code     4  stm32f10x_it.o(i.BusFault_Handler)
    DebugMon_Handler                         0x08001fe7   Thumb Code     2  stm32f10x_it.o(i.DebugMon_Handler)
    ESP8266_Clear                            0x08001fe9   Thumb Code    18  esp8266.o(i.ESP8266_Clear)
    ESP8266_GetIPD                           0x08002005   Thumb Code    66  esp8266.o(i.ESP8266_GetIPD)
    ESP8266_Init                             0x08002055   Thumb Code   278  esp8266.o(i.ESP8266_Init)
    ESP8266_SendCmd                          0x08002285   Thumb Code    76  esp8266.o(i.ESP8266_SendCmd)
    ESP8266_SendData                         0x080022d9   Thumb Code    46  esp8266.o(i.ESP8266_SendData)
    ESP8266_WaitRecive                       0x08002321   Thumb Code    42  esp8266.o(i.ESP8266_WaitRecive)
    GPIO_Init                                0x08002355   Thumb Code   278  stm32f10x_gpio.o(i.GPIO_Init)
    GPIO_PinRemapConfig                      0x0800246d   Thumb Code   138  stm32f10x_gpio.o(i.GPIO_PinRemapConfig)
    GPIO_SetBits                             0x080024fd   Thumb Code     4  stm32f10x_gpio.o(i.GPIO_SetBits)
    GPIO_WriteBit                            0x08002501   Thumb Code    10  stm32f10x_gpio.o(i.GPIO_WriteBit)
    HardFault_Handler                        0x0800250b   Thumb Code     4  stm32f10x_it.o(i.HardFault_Handler)
    MPU_Get_Accelerometer                    0x0800250f   Thumb Code    80  mpu6050.o(i.MPU_Get_Accelerometer)
    MPU_Get_Gyroscope                        0x0800255f   Thumb Code    80  mpu6050.o(i.MPU_Get_Gyroscope)
    MPU_IIC_Ack                              0x080025b1   Thumb Code    62  mpuiic.o(i.MPU_IIC_Ack)
    MPU_IIC_Delay                            0x080025fd   Thumb Code    10  mpuiic.o(i.MPU_IIC_Delay)
    MPU_IIC_Init                             0x08002609   Thumb Code    50  mpuiic.o(i.MPU_IIC_Init)
    MPU_IIC_NAck                             0x08002641   Thumb Code    62  mpuiic.o(i.MPU_IIC_NAck)
    MPU_IIC_Read_Byte                        0x0800268d   Thumb Code    94  mpuiic.o(i.MPU_IIC_Read_Byte)
    MPU_IIC_Send_Byte                        0x080026f9   Thumb Code    80  mpuiic.o(i.MPU_IIC_Send_Byte)
    MPU_IIC_Start                            0x08002755   Thumb Code    60  mpuiic.o(i.MPU_IIC_Start)
    MPU_IIC_Stop                             0x0800279d   Thumb Code    58  mpuiic.o(i.MPU_IIC_Stop)
    MPU_IIC_Wait_Ack                         0x080027e5   Thumb Code    86  mpuiic.o(i.MPU_IIC_Wait_Ack)
    MPU_Init                                 0x08002849   Thumb Code   180  mpu6050.o(i.MPU_Init)
    MPU_Read_Byte                            0x08002909   Thumb Code    58  mpu6050.o(i.MPU_Read_Byte)
    MPU_Read_Len                             0x08002943   Thumb Code   116  mpu6050.o(i.MPU_Read_Len)
    MPU_Set_Accel_Fsr                        0x080029b7   Thumb Code    16  mpu6050.o(i.MPU_Set_Accel_Fsr)
    MPU_Set_Gyro_Fsr                         0x080029c7   Thumb Code    16  mpu6050.o(i.MPU_Set_Gyro_Fsr)
    MPU_Set_LPF                              0x080029d7   Thumb Code    58  mpu6050.o(i.MPU_Set_LPF)
    MPU_Set_Rate                             0x08002a11   Thumb Code    58  mpu6050.o(i.MPU_Set_Rate)
    MPU_Write_Byte                           0x08002a4b   Thumb Code    68  mpu6050.o(i.MPU_Write_Byte)
    MPU_Write_Len                            0x08002a8f   Thumb Code    96  mpu6050.o(i.MPU_Write_Len)
    MQTT_DeleteBuffer                        0x08002aef   Thumb Code    28  mqttkit.o(i.MQTT_DeleteBuffer)
    MQTT_DumpLength                          0x08002b0b   Thumb Code    46  mqttkit.o(i.MQTT_DumpLength)
    MQTT_NewBuffer                           0x08002b39   Thumb Code    88  mqttkit.o(i.MQTT_NewBuffer)
    MQTT_PacketCmdResp                       0x08002b91   Thumb Code   132  mqttkit.o(i.MQTT_PacketCmdResp)
    MQTT_PacketConnect                       0x08002c1d   Thumb Code   666  mqttkit.o(i.MQTT_PacketConnect)
    MQTT_PacketPublish                       0x08002ebd   Thumb Code   440  mqttkit.o(i.MQTT_PacketPublish)
    MQTT_PacketPublishAck                    0x08003075   Thumb Code    72  mqttkit.o(i.MQTT_PacketPublishAck)
    MQTT_PacketPublishComp                   0x080030bd   Thumb Code    72  mqttkit.o(i.MQTT_PacketPublishComp)
    MQTT_PacketPublishRec                    0x08003105   Thumb Code    72  mqttkit.o(i.MQTT_PacketPublishRec)
    MQTT_PacketPublishRel                    0x0800314d   Thumb Code    72  mqttkit.o(i.MQTT_PacketPublishRel)
    MQTT_PacketSubscribe                     0x08003195   Thumb Code   254  mqttkit.o(i.MQTT_PacketSubscribe)
    MQTT_ReadLength                          0x08003293   Thumb Code    70  mqttkit.o(i.MQTT_ReadLength)
    MQTT_UnPacketCmd                         0x080032d9   Thumb Code   140  mqttkit.o(i.MQTT_UnPacketCmd)
    MQTT_UnPacketConnectAck                  0x08003365   Thumb Code    30  mqttkit.o(i.MQTT_UnPacketConnectAck)
    MQTT_UnPacketPublish                     0x08003385   Thumb Code   438  mqttkit.o(i.MQTT_UnPacketPublish)
    MQTT_UnPacketPublishAck                  0x08003545   Thumb Code    30  mqttkit.o(i.MQTT_UnPacketPublishAck)
    MQTT_UnPacketPublishComp                 0x08003563   Thumb Code    30  mqttkit.o(i.MQTT_UnPacketPublishComp)
    MQTT_UnPacketPublishRec                  0x08003581   Thumb Code    30  mqttkit.o(i.MQTT_UnPacketPublishRec)
    MQTT_UnPacketPublishRel                  0x0800359f   Thumb Code    36  mqttkit.o(i.MQTT_UnPacketPublishRel)
    MQTT_UnPacketRecv                        0x080035c5   Thumb Code   106  mqttkit.o(i.MQTT_UnPacketRecv)
    MQTT_UnPacketSubscribe                   0x08003639   Thumb Code    52  mqttkit.o(i.MQTT_UnPacketSubscribe)
    MQTT_UnPacketUnSubscribe                 0x0800366d   Thumb Code    18  mqttkit.o(i.MQTT_UnPacketUnSubscribe)
    MemManage_Handler                        0x0800367f   Thumb Code     4  stm32f10x_it.o(i.MemManage_Handler)
    NMI_Handler                              0x08003683   Thumb Code     2  stm32f10x_it.o(i.NMI_Handler)
    NVIC_Init                                0x08003685   Thumb Code   100  misc.o(i.NVIC_Init)
    NVIC_PriorityGroupConfig                 0x080036f5   Thumb Code    10  misc.o(i.NVIC_PriorityGroupConfig)
    OneNet_DevLink                           0x08003709   Thumb Code   212  onenet.o(i.OneNet_DevLink)
    OneNet_Publish                           0x0800392d   Thumb Code    88  onenet.o(i.OneNet_Publish)
    OneNet_RevPro                            0x080039a9   Thumb Code   592  onenet.o(i.OneNet_RevPro)
    OneNet_Subscribe                         0x08003db9   Thumb Code    80  onenet.o(i.OneNet_Subscribe)
    PendSV_Handler                           0x08003e25   Thumb Code     2  stm32f10x_it.o(i.PendSV_Handler)
    RCC_APB1PeriphClockCmd                   0x08003e29   Thumb Code    26  stm32f10x_rcc.o(i.RCC_APB1PeriphClockCmd)
    RCC_APB2PeriphClockCmd                   0x08003e49   Thumb Code    26  stm32f10x_rcc.o(i.RCC_APB2PeriphClockCmd)
    RCC_GetClocksFreq                        0x08003e69   Thumb Code   192  stm32f10x_rcc.o(i.RCC_GetClocksFreq)
    SVC_Handler                              0x08003f3d   Thumb Code     2  stm32f10x_it.o(i.SVC_Handler)
    SysTick_CLKSourceConfig                  0x08004029   Thumb Code    40  misc.o(i.SysTick_CLKSourceConfig)
    SysTick_Handler                          0x08004051   Thumb Code     2  stm32f10x_it.o(i.SysTick_Handler)
    SystemInit                               0x08004055   Thumb Code    78  system_stm32f10x.o(i.SystemInit)
    USART1_IRQHandler                        0x080040b5   Thumb Code    24  usart.o(i.USART1_IRQHandler)
    USART2_IRQHandler                        0x080040d1   Thumb Code    62  esp8266.o(i.USART2_IRQHandler)
    USART_ClearFlag                          0x0800411d   Thumb Code    18  stm32f10x_usart.o(i.USART_ClearFlag)
    USART_Cmd                                0x0800412f   Thumb Code    24  stm32f10x_usart.o(i.USART_Cmd)
    USART_GetFlagStatus                      0x08004147   Thumb Code    26  stm32f10x_usart.o(i.USART_GetFlagStatus)
    USART_GetITStatus                        0x08004161   Thumb Code    84  stm32f10x_usart.o(i.USART_GetITStatus)
    USART_ITConfig                           0x080041b5   Thumb Code    74  stm32f10x_usart.o(i.USART_ITConfig)
    USART_Init                               0x08004201   Thumb Code   210  stm32f10x_usart.o(i.USART_Init)
    USART_SendData                           0x080042d9   Thumb Code     8  stm32f10x_usart.o(i.USART_SendData)
    UsageFault_Handler                       0x080042e1   Thumb Code     4  stm32f10x_it.o(i.UsageFault_Handler)
    Usart1_Init                              0x080042e5   Thumb Code   166  usart.o(i.Usart1_Init)
    Usart2_Init                              0x08004395   Thumb Code   162  usart.o(i.Usart2_Init)
    UsartPrintf                              0x08004441   Thumb Code    72  usart.o(i.UsartPrintf)
    Usart_SendString                         0x08004489   Thumb Code    50  usart.o(i.Usart_SendString)
    __ARM_fpclassify                         0x080044bb   Thumb Code    40  fpclassify.o(i.__ARM_fpclassify)
    __kernel_poly                            0x080044e3   Thumb Code   170  poly.o(i.__kernel_poly)
    __mathlib_dbl_infnan                     0x0800458d   Thumb Code     6  dunder.o(i.__mathlib_dbl_infnan)
    __mathlib_dbl_infnan2                    0x08004593   Thumb Code     4  dunder.o(i.__mathlib_dbl_infnan2)
    __mathlib_dbl_invalid                    0x08004597   Thumb Code    12  dunder.o(i.__mathlib_dbl_invalid)
    __mathlib_dbl_underflow                  0x080045a5   Thumb Code    10  dunder.o(i.__mathlib_dbl_underflow)
    _is_digit                                0x080045b5   Thumb Code    14  __printf_wp.o(i._is_digit)
    _sys_exit                                0x080045c3   Thumb Code     6  usart.o(i._sys_exit)
    _ttywrch                                 0x080045c9   Thumb Code     6  usart.o(i._ttywrch)
    asin                                     0x08004679   Thumb Code   572  asin.o(i.asin)
    atan                                     0x080048e9   Thumb Code   474  atan.o(i.atan)
    atan2                                    0x08004b09   Thumb Code   346  atan2.o(i.atan2)
    delay_init                               0x08004ced   Thumb Code    50  delay.o(i.delay_init)
    delay_ms                                 0x08004d31   Thumb Code    72  delay.o(i.delay_ms)
    delay_us                                 0x08004d7d   Thumb Code    72  delay.o(i.delay_us)
    dmp_enable_6x_lp_quat                    0x08004dc9   Thumb Code    60  inv_mpu_dmp_motion_driver.o(i.dmp_enable_6x_lp_quat)
    dmp_enable_feature                       0x08004e05   Thumb Code   530  inv_mpu_dmp_motion_driver.o(i.dmp_enable_feature)
    dmp_enable_gyro_cal                      0x08005021   Thumb Code    62  inv_mpu_dmp_motion_driver.o(i.dmp_enable_gyro_cal)
    dmp_enable_lp_quat                       0x08005079   Thumb Code    60  inv_mpu_dmp_motion_driver.o(i.dmp_enable_lp_quat)
    dmp_load_motion_driver_firmware          0x080050b5   Thumb Code    20  inv_mpu_dmp_motion_driver.o(i.dmp_load_motion_driver_firmware)
    dmp_read_fifo                            0x080050cd   Thumb Code   456  inv_mpu_dmp_motion_driver.o(i.dmp_read_fifo)
    dmp_set_accel_bias                       0x08005299   Thumb Code   300  inv_mpu_dmp_motion_driver.o(i.dmp_set_accel_bias)
    dmp_set_fifo_rate                        0x080053c9   Thumb Code    96  inv_mpu_dmp_motion_driver.o(i.dmp_set_fifo_rate)
    dmp_set_gyro_bias                        0x08005439   Thumb Code   294  inv_mpu_dmp_motion_driver.o(i.dmp_set_gyro_bias)
    dmp_set_orientation                      0x08005569   Thumb Code   290  inv_mpu_dmp_motion_driver.o(i.dmp_set_orientation)
    dmp_set_shake_reject_thresh              0x080056a1   Thumb Code    56  inv_mpu_dmp_motion_driver.o(i.dmp_set_shake_reject_thresh)
    dmp_set_shake_reject_time                0x080056d9   Thumb Code    38  inv_mpu_dmp_motion_driver.o(i.dmp_set_shake_reject_time)
    dmp_set_shake_reject_timeout             0x080056ff   Thumb Code    38  inv_mpu_dmp_motion_driver.o(i.dmp_set_shake_reject_timeout)
    dmp_set_tap_axes                         0x08005725   Thumb Code    70  inv_mpu_dmp_motion_driver.o(i.dmp_set_tap_axes)
    dmp_set_tap_count                        0x0800576b   Thumb Code    38  inv_mpu_dmp_motion_driver.o(i.dmp_set_tap_count)
    dmp_set_tap_thresh                       0x08005791   Thumb Code   396  inv_mpu_dmp_motion_driver.o(i.dmp_set_tap_thresh)
    dmp_set_tap_time                         0x08005931   Thumb Code    38  inv_mpu_dmp_motion_driver.o(i.dmp_set_tap_time)
    dmp_set_tap_time_multi                   0x08005957   Thumb Code    38  inv_mpu_dmp_motion_driver.o(i.dmp_set_tap_time_multi)
    fputc                                    0x0800597d   Thumb Code    24  usart.o(i.fputc)
    inv_orientation_matrix_to_scalar         0x08005fcd   Thumb Code    40  inv_mpu.o(i.inv_orientation_matrix_to_scalar)
    inv_row_2_scale                          0x08005ff5   Thumb Code    78  inv_mpu.o(i.inv_row_2_scale)
    main                                     0x08006045   Thumb Code   288  main.o(i.main)
    mget_ms                                  0x080061ed   Thumb Code     2  inv_mpu.o(i.mget_ms)
    mpu_configure_fifo                       0x080061f1   Thumb Code   106  inv_mpu.o(i.mpu_configure_fifo)
    mpu_dmp_get_data                         0x08006261   Thumb Code   544  inv_mpu.o(i.mpu_dmp_get_data)
    mpu_dmp_init                             0x08006485   Thumb Code   154  inv_mpu.o(i.mpu_dmp_init)
    mpu_get_accel_fsr                        0x08006525   Thumb Code    72  inv_mpu.o(i.mpu_get_accel_fsr)
    mpu_get_accel_sens                       0x08006571   Thumb Code    78  inv_mpu.o(i.mpu_get_accel_sens)
    mpu_get_fifo_config                      0x080065c5   Thumb Code    12  inv_mpu.o(i.mpu_get_fifo_config)
    mpu_get_gyro_fsr                         0x080065d5   Thumb Code    64  inv_mpu.o(i.mpu_get_gyro_fsr)
    mpu_get_gyro_sens                        0x08006619   Thumb Code    58  inv_mpu.o(i.mpu_get_gyro_sens)
    mpu_get_lpf                              0x08006669   Thumb Code    74  inv_mpu.o(i.mpu_get_lpf)
    mpu_get_sample_rate                      0x080066b9   Thumb Code    26  inv_mpu.o(i.mpu_get_sample_rate)
    mpu_init                                 0x080066d9   Thumb Code   416  inv_mpu.o(i.mpu_init)
    mpu_load_firmware                        0x080068c9   Thumb Code   180  inv_mpu.o(i.mpu_load_firmware)
    mpu_lp_accel_mode                        0x08006981   Thumb Code   218  inv_mpu.o(i.mpu_lp_accel_mode)
    mpu_read_fifo_stream                     0x08006a61   Thumb Code   186  inv_mpu.o(i.mpu_read_fifo_stream)
    mpu_read_mem                             0x08006b21   Thumb Code   122  inv_mpu.o(i.mpu_read_mem)
    mpu_reset_fifo                           0x08006ba1   Thumb Code   450  inv_mpu.o(i.mpu_reset_fifo)
    mpu_run_self_test                        0x08006d69   Thumb Code   278  inv_mpu.o(i.mpu_run_self_test)
    mpu_set_accel_fsr                        0x08006e85   Thumb Code   126  inv_mpu.o(i.mpu_set_accel_fsr)
    mpu_set_bypass                           0x08006f09   Thumb Code   328  inv_mpu.o(i.mpu_set_bypass)
    mpu_set_dmp_state                        0x08007055   Thumb Code   138  inv_mpu.o(i.mpu_set_dmp_state)
    mpu_set_gyro_fsr                         0x080070e5   Thumb Code   132  inv_mpu.o(i.mpu_set_gyro_fsr)
    mpu_set_int_latched                      0x0800716d   Thumb Code   102  inv_mpu.o(i.mpu_set_int_latched)
    mpu_set_lpf                              0x080071d9   Thumb Code   126  inv_mpu.o(i.mpu_set_lpf)
    mpu_set_sample_rate                      0x0800725d   Thumb Code   152  inv_mpu.o(i.mpu_set_sample_rate)
    mpu_set_sensors                          0x080072f9   Thumb Code   202  inv_mpu.o(i.mpu_set_sensors)
    mpu_write_mem                            0x080073c9   Thumb Code   122  inv_mpu.o(i.mpu_write_mem)
    run_self_test                            0x08007449   Thumb Code   148  inv_mpu.o(i.run_self_test)
    sqrt                                     0x0800756d   Thumb Code    76  sqrt.o(i.sqrt)
    _get_lc_ctype                            0x080075b9   Thumb Code    44  lc_ctype_c.o(locale$$code)
    _get_lc_numeric                          0x080075e5   Thumb Code    44  lc_numeric_c.o(locale$$code)
    __aeabi_d2f                              0x08007611   Thumb Code     0  d2f.o(x$fpl$d2f)
    _d2f                                     0x08007611   Thumb Code    98  d2f.o(x$fpl$d2f)
    __aeabi_dadd                             0x08007675   Thumb Code     0  daddsub_clz.o(x$fpl$dadd)
    _dadd                                    0x08007675   Thumb Code   332  daddsub_clz.o(x$fpl$dadd)
    __fpl_dcheck_NaN1                        0x080077c5   Thumb Code    10  dcheck1.o(x$fpl$dcheck1)
    __aeabi_ddiv                             0x080077d5   Thumb Code     0  ddiv.o(x$fpl$ddiv)
    _ddiv                                    0x080077d5   Thumb Code   552  ddiv.o(x$fpl$ddiv)
    __aeabi_dmul                             0x08007a85   Thumb Code     0  dmul.o(x$fpl$dmul)
    _dmul                                    0x08007a85   Thumb Code   332  dmul.o(x$fpl$dmul)
    __fpl_dnaninf                            0x08007bd9   Thumb Code   156  dnaninf.o(x$fpl$dnaninf)
    __fpl_dretinf                            0x08007c75   Thumb Code    12  dretinf.o(x$fpl$dretinf)
    __aeabi_drsub                            0x08007c81   Thumb Code     0  daddsub_clz.o(x$fpl$drsb)
    _drsb                                    0x08007c81   Thumb Code    22  daddsub_clz.o(x$fpl$drsb)
    _dsqrt                                   0x08007c99   Thumb Code   456  dsqrt_noumaal.o(x$fpl$dsqrt)
    __aeabi_dsub                             0x08007e65   Thumb Code     0  daddsub_clz.o(x$fpl$dsub)
    _dsub                                    0x08007e65   Thumb Code   464  daddsub_clz.o(x$fpl$dsub)
    __aeabi_f2d                              0x08008039   Thumb Code     0  f2d.o(x$fpl$f2d)
    _f2d                                     0x08008039   Thumb Code    86  f2d.o(x$fpl$f2d)
    __aeabi_fadd                             0x08008091   Thumb Code     0  faddsub_clz.o(x$fpl$fadd)
    _fadd                                    0x08008091   Thumb Code   196  faddsub_clz.o(x$fpl$fadd)
    __fpl_fcmp_Inf                           0x08008155   Thumb Code    24  fcmpi.o(x$fpl$fcmpinf)
    __aeabi_fdiv                             0x0800816d   Thumb Code     0  fdiv.o(x$fpl$fdiv)
    _fdiv                                    0x0800816d   Thumb Code   384  fdiv.o(x$fpl$fdiv)
    __aeabi_cfcmpeq                          0x080082f1   Thumb Code     0  feqf.o(x$fpl$feqf)
    _fcmpeq                                  0x080082f1   Thumb Code   104  feqf.o(x$fpl$feqf)
    __aeabi_f2iz                             0x08008359   Thumb Code     0  ffix.o(x$fpl$ffix)
    _ffix                                    0x08008359   Thumb Code    54  ffix.o(x$fpl$ffix)
    __aeabi_f2uiz                            0x08008391   Thumb Code     0  ffixu.o(x$fpl$ffixu)
    _ffixu                                   0x08008391   Thumb Code    62  ffixu.o(x$fpl$ffixu)
    __aeabi_i2f                              0x080083d1   Thumb Code     0  fflt_clz.o(x$fpl$fflt)
    _fflt                                    0x080083d1   Thumb Code    48  fflt_clz.o(x$fpl$fflt)
    __aeabi_ui2f                             0x08008401   Thumb Code     0  fflt_clz.o(x$fpl$ffltu)
    _ffltu                                   0x08008401   Thumb Code    38  fflt_clz.o(x$fpl$ffltu)
    __aeabi_cfcmple                          0x08008429   Thumb Code     0  fleqf.o(x$fpl$fleqf)
    _fcmple                                  0x08008429   Thumb Code   104  fleqf.o(x$fpl$fleqf)
    __fpl_fcmple_InfNaN                      0x0800847b   Thumb Code     0  fleqf.o(x$fpl$fleqf)
    __aeabi_fmul                             0x08008491   Thumb Code     0  fmul.o(x$fpl$fmul)
    _fmul                                    0x08008491   Thumb Code   258  fmul.o(x$fpl$fmul)
    __fpl_fnaninf                            0x08008593   Thumb Code   140  fnaninf.o(x$fpl$fnaninf)
    __fpl_fretinf                            0x0800861f   Thumb Code    10  fretinf.o(x$fpl$fretinf)
    __aeabi_cfrcmple                         0x08008629   Thumb Code     0  frleqf.o(x$fpl$frleqf)
    _frcmple                                 0x08008629   Thumb Code    98  frleqf.o(x$fpl$frleqf)
    __aeabi_fsub                             0x0800868d   Thumb Code     0  faddsub_clz.o(x$fpl$fsub)
    _fsub                                    0x0800868d   Thumb Code   234  faddsub_clz.o(x$fpl$fsub)
    _printf_fp_dec                           0x08008777   Thumb Code     4  printf1.o(x$fpl$printf1)
    __fpl_return_NaN                         0x0800877b   Thumb Code   100  retnan.o(x$fpl$retnan)
    __ARM_scalbn                             0x080087df   Thumb Code    92  scalbn.o(x$fpl$scalbn)
    __fpl_cmpreturn                          0x0800883b   Thumb Code    48  trapv.o(x$fpl$trapveneer)
    __I$use$fp                               0x0800886a   Number         0  usenofp.o(x$fpl$usenofp)
    reg                                      0x0800886c   Data          27  inv_mpu.o(.constdata)
    hw                                       0x08008888   Data          12  inv_mpu.o(.constdata)
    test                                     0x08008894   Data          40  inv_mpu.o(.constdata)
    __mathlib_zero                           0x080095e0   Data           8  qnan.o(.constdata)
    Region$$Table$$Base                      0x080096e0   Number         0  anon$$obj.o(Region$$Table)
    Region$$Table$$Limit                     0x08009700   Number         0  anon$$obj.o(Region$$Table)
    __ctype                                  0x0800970d   Data           0  lc_ctype_c.o(locale$$data)
    pitch                                    0x20000000   Data           4  main.o(.data)
    roll                                     0x20000004   Data           4  main.o(.data)
    yaw                                      0x20000008   Data           4  main.o(.data)
    aacx                                     0x2000000c   Data           2  main.o(.data)
    aacy                                     0x2000000e   Data           2  main.o(.data)
    aacz                                     0x20000010   Data           2  main.o(.data)
    gyrox                                    0x20000012   Data           2  main.o(.data)
    gyroy                                    0x20000014   Data           2  main.o(.data)
    gyroz                                    0x20000016   Data           2  main.o(.data)
    topics                                   0x20000018   Data           4  main.o(.data)
    timeCount                                0x2000001c   Data           2  main.o(.data)
    dataPtr                                  0x20000020   Data           4  main.o(.data)
    devSubTopic                              0x20000024   Data           4  main.o(.data)
    ESP8266_INIT_OK                          0x20000028   Data           1  main.o(.data)
    SystemCoreClock                          0x2000002c   Data           4  system_stm32f10x.o(.data)
    AHBPrescTable                            0x20000030   Data          16  system_stm32f10x.o(.data)
    __stdout                                 0x2000007c   Data           4  usart.o(.data)
    esp8266_cnt                              0x20000094   Data           2  esp8266.o(.data)
    esp8266_cntPre                           0x20000096   Data           2  esp8266.o(.data)
    esp8266_buf                              0x200000ac   Data         128  esp8266.o(.bss)
    __libspace_start                         0x2000012c   Data          96  libspace.o(.bss)
    __temporary_stack_top$libspace           0x2000018c   Data           0  libspace.o(.bss)



==============================================================================

Memory Map of the image

  Image Entry point : 0x08000131

  Load Region LR_IROM1 (Base: 0x08000000, Size: 0x000098c8, Max: 0x00010000, ABSOLUTE)

    Execution Region ER_IROM1 (Base: 0x08000000, Size: 0x0000982c, Max: 0x00010000, ABSOLUTE)

    Base Addr    Size         Type   Attr      Idx    E Section Name        Object

    0x08000000   0x00000130   Data   RO         1294    RESET               startup_stm32f10x_hd.o
    0x08000130   0x00000008   Code   RO         2920  * !!!main             c_w.l(__main.o)
    0x08000138   0x00000034   Code   RO         3391    !!!scatter          c_w.l(__scatter.o)
    0x0800016c   0x0000001a   Code   RO         3393    !!handler_copy      c_w.l(__scatter_copy.o)
    0x08000186   0x00000002   PAD
    0x08000188   0x0000001c   Code   RO         3395    !!handler_zi        c_w.l(__scatter_zi.o)
    0x080001a4   0x00000000   Code   RO         2899    .ARM.Collect$$_printf_percent$$00000000  c_w.l(_printf_percent.o)
    0x080001a4   0x00000006   Code   RO         3065    .ARM.Collect$$_printf_percent$$00000001  c_w.l(_printf_n.o)
    0x080001aa   0x00000006   Code   RO         3066    .ARM.Collect$$_printf_percent$$00000002  c_w.l(_printf_p.o)
    0x080001b0   0x00000006   Code   RO         3070    .ARM.Collect$$_printf_percent$$00000003  c_w.l(_printf_f.o)
    0x080001b6   0x00000006   Code   RO         3071    .ARM.Collect$$_printf_percent$$00000004  c_w.l(_printf_e.o)
    0x080001bc   0x00000006   Code   RO         3072    .ARM.Collect$$_printf_percent$$00000005  c_w.l(_printf_g.o)
    0x080001c2   0x00000006   Code   RO         3073    .ARM.Collect$$_printf_percent$$00000006  c_w.l(_printf_a.o)
    0x080001c8   0x0000000a   Code   RO         3078    .ARM.Collect$$_printf_percent$$00000007  c_w.l(_printf_ll.o)
    0x080001d2   0x00000006   Code   RO         3068    .ARM.Collect$$_printf_percent$$00000008  c_w.l(_printf_i.o)
    0x080001d8   0x00000006   Code   RO         2898    .ARM.Collect$$_printf_percent$$00000009  c_w.l(_printf_d.o)
    0x080001de   0x00000006   Code   RO         3069    .ARM.Collect$$_printf_percent$$0000000A  c_w.l(_printf_u.o)
    0x080001e4   0x00000006   Code   RO         3067    .ARM.Collect$$_printf_percent$$0000000B  c_w.l(_printf_o.o)
    0x080001ea   0x00000006   Code   RO         2897    .ARM.Collect$$_printf_percent$$0000000C  c_w.l(_printf_x.o)
    0x080001f0   0x00000006   Code   RO         3075    .ARM.Collect$$_printf_percent$$0000000D  c_w.l(_printf_lli.o)
    0x080001f6   0x00000006   Code   RO         3076    .ARM.Collect$$_printf_percent$$0000000E  c_w.l(_printf_lld.o)
    0x080001fc   0x00000006   Code   RO         3077    .ARM.Collect$$_printf_percent$$0000000F  c_w.l(_printf_llu.o)
    0x08000202   0x00000006   Code   RO         3082    .ARM.Collect$$_printf_percent$$00000010  c_w.l(_printf_llo.o)
    0x08000208   0x00000006   Code   RO         3083    .ARM.Collect$$_printf_percent$$00000011  c_w.l(_printf_llx.o)
    0x0800020e   0x0000000a   Code   RO         3079    .ARM.Collect$$_printf_percent$$00000012  c_w.l(_printf_l.o)
    0x08000218   0x00000006   Code   RO         3064    .ARM.Collect$$_printf_percent$$00000013  c_w.l(_printf_c.o)
    0x0800021e   0x00000006   Code   RO         2896    .ARM.Collect$$_printf_percent$$00000014  c_w.l(_printf_s.o)
    0x08000224   0x00000006   Code   RO         3080    .ARM.Collect$$_printf_percent$$00000015  c_w.l(_printf_lc.o)
    0x0800022a   0x00000006   Code   RO         3081    .ARM.Collect$$_printf_percent$$00000016  c_w.l(_printf_ls.o)
    0x08000230   0x00000004   Code   RO         3074    .ARM.Collect$$_printf_percent$$00000017  c_w.l(_printf_percent_end.o)
    0x08000234   0x00000002   Code   RO         3320    .ARM.Collect$$libinit$$00000000  c_w.l(libinit.o)
    0x08000236   0x00000000   Code   RO         3093    .ARM.Collect$$libinit$$00000002  c_w.l(libinit2.o)
    0x08000236   0x00000000   Code   RO         3095    .ARM.Collect$$libinit$$00000004  c_w.l(libinit2.o)
    0x08000236   0x00000008   Code   RO         3096    .ARM.Collect$$libinit$$00000005  c_w.l(libinit2.o)
    0x0800023e   0x00000000   Code   RO         3098    .ARM.Collect$$libinit$$0000000A  c_w.l(libinit2.o)
    0x0800023e   0x00000000   Code   RO         3100    .ARM.Collect$$libinit$$0000000C  c_w.l(libinit2.o)
    0x0800023e   0x00000000   Code   RO         3102    .ARM.Collect$$libinit$$0000000E  c_w.l(libinit2.o)
    0x0800023e   0x00000006   Code   RO         3103    .ARM.Collect$$libinit$$0000000F  c_w.l(libinit2.o)
    0x08000244   0x00000000   Code   RO         3105    .ARM.Collect$$libinit$$00000011  c_w.l(libinit2.o)
    0x08000244   0x0000000c   Code   RO         3106    .ARM.Collect$$libinit$$00000012  c_w.l(libinit2.o)
    0x08000250   0x00000000   Code   RO         3107    .ARM.Collect$$libinit$$00000013  c_w.l(libinit2.o)
    0x08000250   0x00000000   Code   RO         3109    .ARM.Collect$$libinit$$00000015  c_w.l(libinit2.o)
    0x08000250   0x0000000a   Code   RO         3110    .ARM.Collect$$libinit$$00000016  c_w.l(libinit2.o)
    0x0800025a   0x00000000   Code   RO         3111    .ARM.Collect$$libinit$$00000017  c_w.l(libinit2.o)
    0x0800025a   0x00000000   Code   RO         3113    .ARM.Collect$$libinit$$00000019  c_w.l(libinit2.o)
    0x0800025a   0x00000000   Code   RO         3115    .ARM.Collect$$libinit$$0000001B  c_w.l(libinit2.o)
    0x0800025a   0x00000000   Code   RO         3117    .ARM.Collect$$libinit$$0000001D  c_w.l(libinit2.o)
    0x0800025a   0x00000000   Code   RO         3119    .ARM.Collect$$libinit$$0000001F  c_w.l(libinit2.o)
    0x0800025a   0x00000000   Code   RO         3121    .ARM.Collect$$libinit$$00000021  c_w.l(libinit2.o)
    0x0800025a   0x00000000   Code   RO         3123    .ARM.Collect$$libinit$$00000023  c_w.l(libinit2.o)
    0x0800025a   0x00000000   Code   RO         3125    .ARM.Collect$$libinit$$00000025  c_w.l(libinit2.o)
    0x0800025a   0x00000000   Code   RO         3129    .ARM.Collect$$libinit$$0000002C  c_w.l(libinit2.o)
    0x0800025a   0x00000000   Code   RO         3131    .ARM.Collect$$libinit$$0000002E  c_w.l(libinit2.o)
    0x0800025a   0x00000000   Code   RO         3133    .ARM.Collect$$libinit$$00000030  c_w.l(libinit2.o)
    0x0800025a   0x00000000   Code   RO         3135    .ARM.Collect$$libinit$$00000032  c_w.l(libinit2.o)
    0x0800025a   0x00000002   Code   RO         3136    .ARM.Collect$$libinit$$00000033  c_w.l(libinit2.o)
    0x0800025c   0x00000002   Code   RO         3388    .ARM.Collect$$libshutdown$$00000000  c_w.l(libshutdown.o)
    0x0800025e   0x00000000   Code   RO         3344    .ARM.Collect$$libshutdown$$00000002  c_w.l(libshutdown2.o)
    0x0800025e   0x00000000   Code   RO         3346    .ARM.Collect$$libshutdown$$00000004  c_w.l(libshutdown2.o)
    0x0800025e   0x00000000   Code   RO         3349    .ARM.Collect$$libshutdown$$00000007  c_w.l(libshutdown2.o)
    0x0800025e   0x00000000   Code   RO         3352    .ARM.Collect$$libshutdown$$0000000A  c_w.l(libshutdown2.o)
    0x0800025e   0x00000000   Code   RO         3354    .ARM.Collect$$libshutdown$$0000000C  c_w.l(libshutdown2.o)
    0x0800025e   0x00000000   Code   RO         3357    .ARM.Collect$$libshutdown$$0000000F  c_w.l(libshutdown2.o)
    0x0800025e   0x00000002   Code   RO         3358    .ARM.Collect$$libshutdown$$00000010  c_w.l(libshutdown2.o)
    0x08000260   0x00000000   Code   RO         3002    .ARM.Collect$$rtentry$$00000000  c_w.l(__rtentry.o)
    0x08000260   0x00000000   Code   RO         3195    .ARM.Collect$$rtentry$$00000002  c_w.l(__rtentry2.o)
    0x08000260   0x00000006   Code   RO         3207    .ARM.Collect$$rtentry$$00000004  c_w.l(__rtentry4.o)
    0x08000266   0x00000000   Code   RO         3197    .ARM.Collect$$rtentry$$00000009  c_w.l(__rtentry2.o)
    0x08000266   0x00000004   Code   RO         3198    .ARM.Collect$$rtentry$$0000000A  c_w.l(__rtentry2.o)
    0x0800026a   0x00000000   Code   RO         3200    .ARM.Collect$$rtentry$$0000000C  c_w.l(__rtentry2.o)
    0x0800026a   0x00000008   Code   RO         3201    .ARM.Collect$$rtentry$$0000000D  c_w.l(__rtentry2.o)
    0x08000272   0x00000002   Code   RO         3327    .ARM.Collect$$rtexit$$00000000  c_w.l(rtexit.o)
    0x08000274   0x00000000   Code   RO         3362    .ARM.Collect$$rtexit$$00000002  c_w.l(rtexit2.o)
    0x08000274   0x00000004   Code   RO         3363    .ARM.Collect$$rtexit$$00000003  c_w.l(rtexit2.o)
    0x08000278   0x00000006   Code   RO         3364    .ARM.Collect$$rtexit$$00000004  c_w.l(rtexit2.o)
    0x0800027e   0x00000002   PAD
    0x08000280   0x00000000   Code   RO         3217    .emb_text           c_w.l(maybetermalloc1.o)
    0x08000280   0x00000040   Code   RO         1295    .text               startup_stm32f10x_hd.o
    0x080002c0   0x00000002   Code   RO         2771    .text               c_w.l(use_no_semi_2.o)
    0x080002c2   0x0000005e   Code   RO         2777    .text               c_w.l(h1_alloc.o)
    0x08000320   0x0000004e   Code   RO         2779    .text               c_w.l(h1_free.o)
    0x0800036e   0x00000048   Code   RO         2835    .text               c_w.l(llsdiv.o)
    0x080003b6   0x00000002   PAD
    0x080003b8   0x00000034   Code   RO         2837    .text               c_w.l(c89vsnprintf.o)
    0x080003ec   0x00000018   Code   RO         2839    .text               c_w.l(__2printf.o)
    0x08000404   0x0000002c   Code   RO         2841    .text               c_w.l(__2sprintf.o)
    0x08000430   0x0000004e   Code   RO         2849    .text               c_w.l(_printf_pad.o)
    0x0800047e   0x00000052   Code   RO         2851    .text               c_w.l(_printf_str.o)
    0x080004d0   0x00000078   Code   RO         2853    .text               c_w.l(_printf_dec.o)
    0x08000548   0x00000094   Code   RO         2873    .text               c_w.l(_printf_hex_int_ll_ptr.o)
    0x080005dc   0x00000188   Code   RO         2893    .text               c_w.l(__printf_flags_ss_wp.o)
    0x08000764   0x0000001a   Code   RO         2900    .text               c_w.l(atoi.o)
    0x0800077e   0x00000014   Code   RO         2902    .text               c_w.l(strchr.o)
    0x08000792   0x00000024   Code   RO         2904    .text               c_w.l(strncat.o)
    0x080007b6   0x00000024   Code   RO         2906    .text               c_w.l(strstr.o)
    0x080007da   0x00000058   Code   RO         2908    .text               c_w.l(memcmp.o)
    0x08000832   0x0000003e   Code   RO         2910    .text               c_w.l(strlen.o)
    0x08000870   0x0000008a   Code   RO         2912    .text               c_w.l(rt_memcpy_v6.o)
    0x080008fa   0x00000010   Code   RO         2914    .text               c_w.l(aeabi_memset.o)
    0x0800090a   0x00000044   Code   RO         2916    .text               c_w.l(rt_memclr.o)
    0x0800094e   0x00000006   Code   RO         2918    .text               c_w.l(heapauxi.o)
    0x08000954   0x00000002   Code   RO         2998    .text               c_w.l(use_no_semi.o)
    0x08000956   0x00000002   PAD
    0x08000958   0x00000008   Code   RO         3006    .text               c_w.l(rt_heap_descriptor_intlibspace.o)
    0x08000960   0x00000008   Code   RO         3011    .text               c_w.l(rt_errno_addr_intlibspace.o)
    0x08000968   0x00000004   Code   RO         3013    .text               c_w.l(hguard.o)
    0x0800096c   0x0000008a   Code   RO         3015    .text               c_w.l(init_alloc.o)
    0x080009f6   0x0000000e   Code   RO         3019    .text               c_w.l(h1_init.o)
    0x08000a04   0x000000ee   Code   RO         3033    .text               c_w.l(lludivv7m.o)
    0x08000af2   0x00000016   Code   RO         3035    .text               c_w.l(_rserrno.o)
    0x08000b08   0x00000024   Code   RO         3037    .text               c_w.l(_printf_truncate.o)
    0x08000b2c   0x000000b2   Code   RO         3039    .text               c_w.l(_printf_intcommon.o)
    0x08000bde   0x00000028   Code   RO         3041    .text               c_w.l(_printf_charcount.o)
    0x08000c06   0x00000002   PAD
    0x08000c08   0x00000030   Code   RO         3043    .text               c_w.l(_printf_char_common.o)
    0x08000c38   0x0000000a   Code   RO         3045    .text               c_w.l(_sputc.o)
    0x08000c42   0x00000010   Code   RO         3047    .text               c_w.l(_snputc.o)
    0x08000c52   0x0000002c   Code   RO         3049    .text               c_w.l(_printf_char.o)
    0x08000c7e   0x00000002   PAD
    0x08000c80   0x00000024   Code   RO         3051    .text               c_w.l(_printf_char_file.o)
    0x08000ca4   0x000000bc   Code   RO         3053    .text               c_w.l(_printf_wctomb.o)
    0x08000d60   0x0000007c   Code   RO         3056    .text               c_w.l(_printf_longlong_dec.o)
    0x08000ddc   0x00000070   Code   RO         3062    .text               c_w.l(_printf_oct_int_ll.o)
    0x08000e4c   0x00000070   Code   RO         3084    .text               c_w.l(strtol.o)
    0x08000ebc   0x00000064   Code   RO         3086    .text               c_w.l(rt_memcpy_w.o)
    0x08000f20   0x0000004e   Code   RO         3088    .text               c_w.l(rt_memclr_w.o)
    0x08000f6e   0x00000002   PAD
    0x08000f70   0x00000008   Code   RO         3191    .text               c_w.l(libspace.o)
    0x08000f78   0x00000010   Code   RO         3209    .text               c_w.l(rt_ctype_table.o)
    0x08000f88   0x00000034   Code   RO         3219    .text               c_w.l(h1_extend.o)
    0x08000fbc   0x0000008a   Code   RO         3223    .text               c_w.l(lludiv10.o)
    0x08001046   0x0000041a   Code   RO         3225    .text               c_w.l(_printf_fp_dec.o)
    0x08001460   0x0000002c   Code   RO         3229    .text               c_w.l(_printf_wchar.o)
    0x0800148c   0x0000009e   Code   RO         3231    .text               c_w.l(_strtoul.o)
    0x0800152a   0x00000008   Code   RO         3233    .text               c_w.l(ferror.o)
    0x08001532   0x00000040   Code   RO         3237    .text               c_w.l(_wcrtomb.o)
    0x08001572   0x0000000e   Code   RO         3239    .text               c_w.l(defsig_rtmem_outer.o)
    0x08001580   0x0000004a   Code   RO         3257    .text               c_w.l(sys_stackheap_outer.o)
    0x080015ca   0x00000002   PAD
    0x080015cc   0x00000008   Code   RO         3266    .text               c_w.l(rt_locale_intlibspace.o)
    0x080015d4   0x00000080   Code   RO         3270    .text               c_w.l(_printf_fp_infnan.o)
    0x08001654   0x0000001c   Code   RO         3272    .text               c_w.l(_chval.o)
    0x08001670   0x000000dc   Code   RO         3274    .text               c_w.l(bigflt0.o)
    0x0800174c   0x00000012   Code   RO         3305    .text               c_w.l(exit.o)
    0x0800175e   0x0000000a   Code   RO         3307    .text               c_w.l(defsig_exit.o)
    0x08001768   0x00000050   Code   RO         3309    .text               c_w.l(defsig_rtmem_inner.o)
    0x080017b8   0x00000032   Code   RO         3335    .text               c_w.l(defsig_general.o)
    0x080017ea   0x00000002   PAD
    0x080017ec   0x00000080   Code   RO         3341    .text               c_w.l(strcmpv7m.o)
    0x0800186c   0x0000003e   Code   RO         3277    CL$$btod_d2e        c_w.l(btod.o)
    0x080018aa   0x00000046   Code   RO         3279    CL$$btod_d2e_denorm_low  c_w.l(btod.o)
    0x080018f0   0x00000060   Code   RO         3278    CL$$btod_d2e_norm_op1  c_w.l(btod.o)
    0x08001950   0x00000338   Code   RO         3287    CL$$btod_div_common  c_w.l(btod.o)
    0x08001c88   0x000000c6   Code   RO         3284    CL$$btod_e2e        c_w.l(btod.o)
    0x08001d4e   0x00000028   Code   RO         3281    CL$$btod_ediv       c_w.l(btod.o)
    0x08001d76   0x00000028   Code   RO         3280    CL$$btod_emul       c_w.l(btod.o)
    0x08001d9e   0x00000244   Code   RO         3286    CL$$btod_mult_common  c_w.l(btod.o)
    0x08001fe2   0x00000004   Code   RO          138    i.BusFault_Handler  stm32f10x_it.o
    0x08001fe6   0x00000002   Code   RO          139    i.DebugMon_Handler  stm32f10x_it.o
    0x08001fe8   0x0000001c   Code   RO         2497    i.ESP8266_Clear     esp8266.o
    0x08002004   0x00000050   Code   RO         2498    i.ESP8266_GetIPD    esp8266.o
    0x08002054   0x00000230   Code   RO         2499    i.ESP8266_Init      esp8266.o
    0x08002284   0x00000054   Code   RO         2500    i.ESP8266_SendCmd   esp8266.o
    0x080022d8   0x00000048   Code   RO         2501    i.ESP8266_SendData  esp8266.o
    0x08002320   0x00000034   Code   RO         2502    i.ESP8266_WaitRecive  esp8266.o
    0x08002354   0x00000116   Code   RO         1461    i.GPIO_Init         stm32f10x_gpio.o
    0x0800246a   0x00000002   PAD
    0x0800246c   0x00000090   Code   RO         1463    i.GPIO_PinRemapConfig  stm32f10x_gpio.o
    0x080024fc   0x00000004   Code   RO         1469    i.GPIO_SetBits      stm32f10x_gpio.o
    0x08002500   0x0000000a   Code   RO         1472    i.GPIO_WriteBit     stm32f10x_gpio.o
    0x0800250a   0x00000004   Code   RO          140    i.HardFault_Handler  stm32f10x_it.o
    0x0800250e   0x00000050   Code   RO          568    i.MPU_Get_Accelerometer  mpu6050.o
    0x0800255e   0x00000050   Code   RO          569    i.MPU_Get_Gyroscope  mpu6050.o
    0x080025ae   0x00000002   PAD
    0x080025b0   0x0000004c   Code   RO          508    i.MPU_IIC_Ack       mpuiic.o
    0x080025fc   0x0000000a   Code   RO          509    i.MPU_IIC_Delay     mpuiic.o
    0x08002606   0x00000002   PAD
    0x08002608   0x00000038   Code   RO          510    i.MPU_IIC_Init      mpuiic.o
    0x08002640   0x0000004c   Code   RO          511    i.MPU_IIC_NAck      mpuiic.o
    0x0800268c   0x0000006c   Code   RO          512    i.MPU_IIC_Read_Byte  mpuiic.o
    0x080026f8   0x0000005c   Code   RO          513    i.MPU_IIC_Send_Byte  mpuiic.o
    0x08002754   0x00000048   Code   RO          514    i.MPU_IIC_Start     mpuiic.o
    0x0800279c   0x00000048   Code   RO          515    i.MPU_IIC_Stop      mpuiic.o
    0x080027e4   0x00000064   Code   RO          516    i.MPU_IIC_Wait_Ack  mpuiic.o
    0x08002848   0x000000c0   Code   RO          571    i.MPU_Init          mpu6050.o
    0x08002908   0x0000003a   Code   RO          572    i.MPU_Read_Byte     mpu6050.o
    0x08002942   0x00000074   Code   RO          573    i.MPU_Read_Len      mpu6050.o
    0x080029b6   0x00000010   Code   RO          574    i.MPU_Set_Accel_Fsr  mpu6050.o
    0x080029c6   0x00000010   Code   RO          575    i.MPU_Set_Gyro_Fsr  mpu6050.o
    0x080029d6   0x0000003a   Code   RO          576    i.MPU_Set_LPF       mpu6050.o
    0x08002a10   0x0000003a   Code   RO          577    i.MPU_Set_Rate      mpu6050.o
    0x08002a4a   0x00000044   Code   RO          578    i.MPU_Write_Byte    mpu6050.o
    0x08002a8e   0x00000060   Code   RO          579    i.MPU_Write_Len     mpu6050.o
    0x08002aee   0x0000001c   Code   RO         2550    i.MQTT_DeleteBuffer  mqttkit.o
    0x08002b0a   0x0000002e   Code   RO         2551    i.MQTT_DumpLength   mqttkit.o
    0x08002b38   0x00000058   Code   RO         2552    i.MQTT_NewBuffer    mqttkit.o
    0x08002b90   0x0000008c   Code   RO         2553    i.MQTT_PacketCmdResp  mqttkit.o
    0x08002c1c   0x000002a0   Code   RO         2554    i.MQTT_PacketConnect  mqttkit.o
    0x08002ebc   0x000001b8   Code   RO         2557    i.MQTT_PacketPublish  mqttkit.o
    0x08003074   0x00000048   Code   RO         2558    i.MQTT_PacketPublishAck  mqttkit.o
    0x080030bc   0x00000048   Code   RO         2559    i.MQTT_PacketPublishComp  mqttkit.o
    0x08003104   0x00000048   Code   RO         2560    i.MQTT_PacketPublishRec  mqttkit.o
    0x0800314c   0x00000048   Code   RO         2561    i.MQTT_PacketPublishRel  mqttkit.o
    0x08003194   0x000000fe   Code   RO         2564    i.MQTT_PacketSubscribe  mqttkit.o
    0x08003292   0x00000046   Code   RO         2566    i.MQTT_ReadLength   mqttkit.o
    0x080032d8   0x0000008c   Code   RO         2567    i.MQTT_UnPacketCmd  mqttkit.o
    0x08003364   0x0000001e   Code   RO         2568    i.MQTT_UnPacketConnectAck  mqttkit.o
    0x08003382   0x00000002   PAD
    0x08003384   0x000001c0   Code   RO         2569    i.MQTT_UnPacketPublish  mqttkit.o
    0x08003544   0x0000001e   Code   RO         2570    i.MQTT_UnPacketPublishAck  mqttkit.o
    0x08003562   0x0000001e   Code   RO         2571    i.MQTT_UnPacketPublishComp  mqttkit.o
    0x08003580   0x0000001e   Code   RO         2572    i.MQTT_UnPacketPublishRec  mqttkit.o
    0x0800359e   0x00000024   Code   RO         2573    i.MQTT_UnPacketPublishRel  mqttkit.o
    0x080035c2   0x00000002   PAD
    0x080035c4   0x00000074   Code   RO         2574    i.MQTT_UnPacketRecv  mqttkit.o
    0x08003638   0x00000034   Code   RO         2575    i.MQTT_UnPacketSubscribe  mqttkit.o
    0x0800366c   0x00000012   Code   RO         2576    i.MQTT_UnPacketUnSubscribe  mqttkit.o
    0x0800367e   0x00000004   Code   RO          141    i.MemManage_Handler  stm32f10x_it.o
    0x08003682   0x00000002   Code   RO          142    i.NMI_Handler       stm32f10x_it.o
    0x08003684   0x00000070   Code   RO         1299    i.NVIC_Init         misc.o
    0x080036f4   0x00000014   Code   RO         1300    i.NVIC_PriorityGroupConfig  misc.o
    0x08003708   0x00000224   Code   RO         2734    i.OneNet_DevLink    onenet.o
    0x0800392c   0x0000007c   Code   RO         2735    i.OneNet_Publish    onenet.o
    0x080039a8   0x00000410   Code   RO         2736    i.OneNet_RevPro     onenet.o
    0x08003db8   0x0000006c   Code   RO         2737    i.OneNet_Subscribe  onenet.o
    0x08003e24   0x00000002   Code   RO          143    i.PendSV_Handler    stm32f10x_it.o
    0x08003e26   0x00000002   PAD
    0x08003e28   0x00000020   Code   RO         1571    i.RCC_APB1PeriphClockCmd  stm32f10x_rcc.o
    0x08003e48   0x00000020   Code   RO         1573    i.RCC_APB2PeriphClockCmd  stm32f10x_rcc.o
    0x08003e68   0x000000d4   Code   RO         1581    i.RCC_GetClocksFreq  stm32f10x_rcc.o
    0x08003f3c   0x00000002   Code   RO          144    i.SVC_Handler       stm32f10x_it.o
    0x08003f3e   0x00000008   Code   RO          227    i.SetSysClock       system_stm32f10x.o
    0x08003f46   0x00000002   PAD
    0x08003f48   0x000000e0   Code   RO          228    i.SetSysClockTo72   system_stm32f10x.o
    0x08004028   0x00000028   Code   RO         1303    i.SysTick_CLKSourceConfig  misc.o
    0x08004050   0x00000002   Code   RO          145    i.SysTick_Handler   stm32f10x_it.o
    0x08004052   0x00000002   PAD
    0x08004054   0x00000060   Code   RO          230    i.SystemInit        system_stm32f10x.o
    0x080040b4   0x0000001c   Code   RO         1218    i.USART1_IRQHandler  usart.o
    0x080040d0   0x0000004c   Code   RO         2503    i.USART2_IRQHandler  esp8266.o
    0x0800411c   0x00000012   Code   RO         1769    i.USART_ClearFlag   stm32f10x_usart.o
    0x0800412e   0x00000018   Code   RO         1773    i.USART_Cmd         stm32f10x_usart.o
    0x08004146   0x0000001a   Code   RO         1776    i.USART_GetFlagStatus  stm32f10x_usart.o
    0x08004160   0x00000054   Code   RO         1777    i.USART_GetITStatus  stm32f10x_usart.o
    0x080041b4   0x0000004a   Code   RO         1779    i.USART_ITConfig    stm32f10x_usart.o
    0x080041fe   0x00000002   PAD
    0x08004200   0x000000d8   Code   RO         1780    i.USART_Init        stm32f10x_usart.o
    0x080042d8   0x00000008   Code   RO         1790    i.USART_SendData    stm32f10x_usart.o
    0x080042e0   0x00000004   Code   RO          146    i.UsageFault_Handler  stm32f10x_it.o
    0x080042e4   0x000000b0   Code   RO         1219    i.Usart1_Init       usart.o
    0x08004394   0x000000ac   Code   RO         1220    i.Usart2_Init       usart.o
    0x08004440   0x00000048   Code   RO         1221    i.UsartPrintf       usart.o
    0x08004488   0x00000032   Code   RO         1222    i.Usart_SendString  usart.o
    0x080044ba   0x00000028   Code   RO         3176    i.__ARM_fpclassify  m_ws.l(fpclassify.o)
    0x080044e2   0x000000aa   Code   RO         3178    i.__kernel_poly     m_ws.l(poly.o)
    0x0800458c   0x00000006   Code   RO         3163    i.__mathlib_dbl_infnan  m_ws.l(dunder.o)
    0x08004592   0x00000004   Code   RO         3164    i.__mathlib_dbl_infnan2  m_ws.l(dunder.o)
    0x08004596   0x0000000c   Code   RO         3165    i.__mathlib_dbl_invalid  m_ws.l(dunder.o)
    0x080045a2   0x00000002   PAD
    0x080045a4   0x00000010   Code   RO         3168    i.__mathlib_dbl_underflow  m_ws.l(dunder.o)
    0x080045b4   0x0000000e   Code   RO         2886    i._is_digit         c_w.l(__printf_wp.o)
    0x080045c2   0x00000006   Code   RO         1223    i._sys_exit         usart.o
    0x080045c8   0x00000006   Code   RO         1224    i._ttywrch          usart.o
    0x080045ce   0x00000002   PAD
    0x080045d0   0x000000a8   Code   RO          646    i.accel_self_test   inv_mpu.o
    0x08004678   0x00000270   Code   RO         2981    i.asin              m_ws.l(asin.o)
    0x080048e8   0x00000220   Code   RO         3153    i.atan              m_ws.l(atan.o)
    0x08004b08   0x00000180   Code   RO         2991    i.atan2             m_ws.l(atan2.o)
    0x08004c88   0x00000064   Code   RO          977    i.decode_gesture    inv_mpu_dmp_motion_driver.o
    0x08004cec   0x00000044   Code   RO         1163    i.delay_init        delay.o
    0x08004d30   0x0000004c   Code   RO         1164    i.delay_ms          delay.o
    0x08004d7c   0x0000004c   Code   RO         1165    i.delay_us          delay.o
    0x08004dc8   0x0000003c   Code   RO          978    i.dmp_enable_6x_lp_quat  inv_mpu_dmp_motion_driver.o
    0x08004e04   0x0000021c   Code   RO          979    i.dmp_enable_feature  inv_mpu_dmp_motion_driver.o
    0x08005020   0x00000058   Code   RO          980    i.dmp_enable_gyro_cal  inv_mpu_dmp_motion_driver.o
    0x08005078   0x0000003c   Code   RO          981    i.dmp_enable_lp_quat  inv_mpu_dmp_motion_driver.o
    0x080050b4   0x00000018   Code   RO          986    i.dmp_load_motion_driver_firmware  inv_mpu_dmp_motion_driver.o
    0x080050cc   0x000001cc   Code   RO          987    i.dmp_read_fifo     inv_mpu_dmp_motion_driver.o
    0x08005298   0x00000130   Code   RO          990    i.dmp_set_accel_bias  inv_mpu_dmp_motion_driver.o
    0x080053c8   0x00000070   Code   RO          991    i.dmp_set_fifo_rate  inv_mpu_dmp_motion_driver.o
    0x08005438   0x00000130   Code   RO          992    i.dmp_set_gyro_bias  inv_mpu_dmp_motion_driver.o
    0x08005568   0x00000138   Code   RO          994    i.dmp_set_orientation  inv_mpu_dmp_motion_driver.o
    0x080056a0   0x00000038   Code   RO          997    i.dmp_set_shake_reject_thresh  inv_mpu_dmp_motion_driver.o
    0x080056d8   0x00000026   Code   RO          998    i.dmp_set_shake_reject_time  inv_mpu_dmp_motion_driver.o
    0x080056fe   0x00000026   Code   RO          999    i.dmp_set_shake_reject_timeout  inv_mpu_dmp_motion_driver.o
    0x08005724   0x00000046   Code   RO         1000    i.dmp_set_tap_axes  inv_mpu_dmp_motion_driver.o
    0x0800576a   0x00000026   Code   RO         1001    i.dmp_set_tap_count  inv_mpu_dmp_motion_driver.o
    0x08005790   0x000001a0   Code   RO         1002    i.dmp_set_tap_thresh  inv_mpu_dmp_motion_driver.o
    0x08005930   0x00000026   Code   RO         1003    i.dmp_set_tap_time  inv_mpu_dmp_motion_driver.o
    0x08005956   0x00000026   Code   RO         1004    i.dmp_set_tap_time_multi  inv_mpu_dmp_motion_driver.o
    0x0800597c   0x0000001c   Code   RO         1225    i.fputc             usart.o
    0x08005998   0x000000b4   Code   RO          647    i.get_accel_prod_shift  inv_mpu.o
    0x08005a4c   0x00000470   Code   RO          648    i.get_st_biases     inv_mpu.o
    0x08005ebc   0x00000110   Code   RO          649    i.gyro_self_test    inv_mpu.o
    0x08005fcc   0x00000028   Code   RO          650    i.inv_orientation_matrix_to_scalar  inv_mpu.o
    0x08005ff4   0x0000004e   Code   RO          651    i.inv_row_2_scale   inv_mpu.o
    0x08006042   0x00000002   PAD
    0x08006044   0x000001a8   Code   RO            1    i.main              main.o
    0x080061ec   0x00000002   Code   RO          652    i.mget_ms           inv_mpu.o
    0x080061ee   0x00000002   PAD
    0x080061f0   0x00000070   Code   RO          653    i.mpu_configure_fifo  inv_mpu.o
    0x08006260   0x00000224   Code   RO          654    i.mpu_dmp_get_data  inv_mpu.o
    0x08006484   0x000000a0   Code   RO          655    i.mpu_dmp_init      inv_mpu.o
    0x08006524   0x0000004c   Code   RO          656    i.mpu_get_accel_fsr  inv_mpu.o
    0x08006570   0x00000054   Code   RO          658    i.mpu_get_accel_sens  inv_mpu.o
    0x080065c4   0x00000010   Code   RO          663    i.mpu_get_fifo_config  inv_mpu.o
    0x080065d4   0x00000044   Code   RO          664    i.mpu_get_gyro_fsr  inv_mpu.o
    0x08006618   0x00000050   Code   RO          666    i.mpu_get_gyro_sens  inv_mpu.o
    0x08006668   0x00000050   Code   RO          668    i.mpu_get_lpf       inv_mpu.o
    0x080066b8   0x00000020   Code   RO          670    i.mpu_get_sample_rate  inv_mpu.o
    0x080066d8   0x000001f0   Code   RO          672    i.mpu_init          inv_mpu.o
    0x080068c8   0x000000b8   Code   RO          673    i.mpu_load_firmware  inv_mpu.o
    0x08006980   0x000000e0   Code   RO          674    i.mpu_lp_accel_mode  inv_mpu.o
    0x08006a60   0x000000c0   Code   RO          677    i.mpu_read_fifo_stream  inv_mpu.o
    0x08006b20   0x00000080   Code   RO          678    i.mpu_read_mem      inv_mpu.o
    0x08006ba0   0x000001c8   Code   RO          681    i.mpu_reset_fifo    inv_mpu.o
    0x08006d68   0x0000011c   Code   RO          682    i.mpu_run_self_test  inv_mpu.o
    0x08006e84   0x00000084   Code   RO          684    i.mpu_set_accel_fsr  inv_mpu.o
    0x08006f08   0x0000014c   Code   RO          685    i.mpu_set_bypass    inv_mpu.o
    0x08007054   0x00000090   Code   RO          687    i.mpu_set_dmp_state  inv_mpu.o
    0x080070e4   0x00000088   Code   RO          688    i.mpu_set_gyro_fsr  inv_mpu.o
    0x0800716c   0x0000006c   Code   RO          689    i.mpu_set_int_latched  inv_mpu.o
    0x080071d8   0x00000084   Code   RO          691    i.mpu_set_lpf       inv_mpu.o
    0x0800725c   0x0000009c   Code   RO          692    i.mpu_set_sample_rate  inv_mpu.o
    0x080072f8   0x000000d0   Code   RO          693    i.mpu_set_sensors   inv_mpu.o
    0x080073c8   0x00000080   Code   RO          694    i.mpu_write_mem     inv_mpu.o
    0x08007448   0x00000094   Code   RO          695    i.run_self_test     inv_mpu.o
    0x080074dc   0x00000090   Code   RO          696    i.set_int_enable    inv_mpu.o
    0x0800756c   0x0000004c   Code   RO         3182    i.sqrt              m_ws.l(sqrt.o)
    0x080075b8   0x0000002c   Code   RO         3300    locale$$code        c_w.l(lc_ctype_c.o)
    0x080075e4   0x0000002c   Code   RO         3303    locale$$code        c_w.l(lc_numeric_c.o)
    0x08007610   0x00000062   Code   RO         2922    x$fpl$d2f           fz_ws.l(d2f.o)
    0x08007672   0x00000002   PAD
    0x08007674   0x00000150   Code   RO         2924    x$fpl$dadd          fz_ws.l(daddsub_clz.o)
    0x080077c4   0x00000010   Code   RO         3248    x$fpl$dcheck1       fz_ws.l(dcheck1.o)
    0x080077d4   0x000002b0   Code   RO         2931    x$fpl$ddiv          fz_ws.l(ddiv.o)
    0x08007a84   0x00000154   Code   RO         2944    x$fpl$dmul          fz_ws.l(dmul.o)
    0x08007bd8   0x0000009c   Code   RO         3137    x$fpl$dnaninf       fz_ws.l(dnaninf.o)
    0x08007c74   0x0000000c   Code   RO         3139    x$fpl$dretinf       fz_ws.l(dretinf.o)
    0x08007c80   0x00000016   Code   RO         2925    x$fpl$drsb          fz_ws.l(daddsub_clz.o)
    0x08007c96   0x00000002   PAD
    0x08007c98   0x000001cc   Code   RO         3252    x$fpl$dsqrt         fz_ws.l(dsqrt_noumaal.o)
    0x08007e64   0x000001d4   Code   RO         2926    x$fpl$dsub          fz_ws.l(daddsub_clz.o)
    0x08008038   0x00000056   Code   RO         2946    x$fpl$f2d           fz_ws.l(f2d.o)
    0x0800808e   0x00000002   PAD
    0x08008090   0x000000c4   Code   RO         2948    x$fpl$fadd          fz_ws.l(faddsub_clz.o)
    0x08008154   0x00000018   Code   RO         3141    x$fpl$fcmpinf       fz_ws.l(fcmpi.o)
    0x0800816c   0x00000184   Code   RO         2955    x$fpl$fdiv          fz_ws.l(fdiv.o)
    0x080082f0   0x00000068   Code   RO         2958    x$fpl$feqf          fz_ws.l(feqf.o)
    0x08008358   0x00000036   Code   RO         2960    x$fpl$ffix          fz_ws.l(ffix.o)
    0x0800838e   0x00000002   PAD
    0x08008390   0x0000003e   Code   RO         2964    x$fpl$ffixu         fz_ws.l(ffixu.o)
    0x080083ce   0x00000002   PAD
    0x080083d0   0x00000030   Code   RO         2969    x$fpl$fflt          fz_ws.l(fflt_clz.o)
    0x08008400   0x00000026   Code   RO         2968    x$fpl$ffltu         fz_ws.l(fflt_clz.o)
    0x08008426   0x00000002   PAD
    0x08008428   0x00000068   Code   RO         2974    x$fpl$fleqf         fz_ws.l(fleqf.o)
    0x08008490   0x00000102   Code   RO         2976    x$fpl$fmul          fz_ws.l(fmul.o)
    0x08008592   0x0000008c   Code   RO         3143    x$fpl$fnaninf       fz_ws.l(fnaninf.o)
    0x0800861e   0x0000000a   Code   RO         3145    x$fpl$fretinf       fz_ws.l(fretinf.o)
    0x08008628   0x00000062   Code   RO         2978    x$fpl$frleqf        fz_ws.l(frleqf.o)
    0x0800868a   0x00000002   PAD
    0x0800868c   0x000000ea   Code   RO         2950    x$fpl$fsub          fz_ws.l(faddsub_clz.o)
    0x08008776   0x00000004   Code   RO         3147    x$fpl$printf1       fz_ws.l(printf1.o)
    0x0800877a   0x00000064   Code   RO         3325    x$fpl$retnan        fz_ws.l(retnan.o)
    0x080087de   0x0000005c   Code   RO         3149    x$fpl$scalbn        fz_ws.l(scalbn.o)
    0x0800883a   0x00000030   Code   RO         3359    x$fpl$trapveneer    fz_ws.l(trapv.o)
    0x0800886a   0x00000000   Code   RO         3151    x$fpl$usenofp       fz_ws.l(usenofp.o)
    0x0800886a   0x00000002   PAD
    0x0800886c   0x00000050   Data   RO          698    .constdata          inv_mpu.o
    0x080088bc   0x00000bf6   Data   RO         1006    .constdata          inv_mpu_dmp_motion_driver.o
    0x080094b2   0x00000028   Data   RO         2874    .constdata          c_w.l(_printf_hex_int_ll_ptr.o)
    0x080094da   0x00000011   Data   RO         2894    .constdata          c_w.l(__printf_flags_ss_wp.o)
    0x080094eb   0x00000005   PAD
    0x080094f0   0x00000050   Data   RO         2982    .constdata          m_ws.l(asin.o)
    0x08009540   0x00000008   Data   RO         3054    .constdata          c_w.l(_printf_wctomb.o)
    0x08009548   0x00000098   Data   RO         3154    .constdata          m_ws.l(atan.o)
    0x080095e0   0x00000008   Data   RO         3180    .constdata          m_ws.l(qnan.o)
    0x080095e8   0x00000094   Data   RO         3275    .constdata          c_w.l(bigflt0.o)
    0x0800967c   0x00000011   Data   RO            4    .conststring        main.o
    0x0800968d   0x00000003   PAD
    0x08009690   0x0000004d   Data   RO          699    .conststring        inv_mpu.o
    0x080096dd   0x00000003   PAD
    0x080096e0   0x00000020   Data   RO         3389    Region$$Table       anon$$obj.o
    0x08009700   0x00000110   Data   RO         3299    locale$$data        c_w.l(lc_ctype_c.o)
    0x08009810   0x0000001c   Data   RO         3302    locale$$data        c_w.l(lc_numeric_c.o)


    Execution Region RW_IRAM1 (Base: 0x20000000, Size: 0x00000790, Max: 0x00005000, ABSOLUTE)

    Base Addr    Size         Type   Attr      Idx    E Section Name        Object

    0x20000000   0x00000029   Data   RW            5    .data               main.o
    0x20000029   0x00000003   PAD
    0x2000002c   0x00000014   Data   RW          231    .data               system_stm32f10x.o
    0x20000040   0x00000035   Data   RW          700    .data               inv_mpu.o
    0x20000075   0x00000001   PAD
    0x20000076   0x00000004   Data   RW         1166    .data               delay.o
    0x2000007a   0x00000002   PAD
    0x2000007c   0x00000004   Data   RW         1226    .data               usart.o
    0x20000080   0x00000014   Data   RW         1601    .data               stm32f10x_rcc.o
    0x20000094   0x00000004   Data   RW         2505    .data               esp8266.o
    0x20000098   0x00000002   Data   RW         2738    .data               onenet.o
    0x2000009a   0x00000002   PAD
    0x2000009c   0x00000010   Zero   RW         1005    .bss                inv_mpu_dmp_motion_driver.o
    0x200000ac   0x00000080   Zero   RW         2504    .bss                esp8266.o
    0x2000012c   0x00000060   Zero   RW         3192    .bss                c_w.l(libspace.o)
    0x2000018c   0x00000004   PAD
    0x20000190   0x00000200   Zero   RW         1293    HEAP                startup_stm32f10x_hd.o
    0x20000390   0x00000400   Zero   RW         1292    STACK               startup_stm32f10x_hd.o


==============================================================================

Image component sizes


      Code (inc. data)   RO Data    RW Data    ZI Data      Debug   Object Name

       220         26          0          4          0       1639   delay.o
       952        364          0          4        128       5049   esp8266.o
      6864        290        157         53          0      30444   inv_mpu.o
      3096        122       3062          0         16      20342   inv_mpu_dmp_motion_driver.o
       424        136         17         41          0     232806   main.o
       172         22          0          0          0       1969   misc.o
       838         12          0          0          0       7451   mpu6050.o
       662        100          0          0          0       4650   mpuiic.o
      2956         34          0          0          0      19077   mqttkit.o
      1820        868          0          2          0       4569   onenet.o
        64         26        304          0       1536        780   startup_stm32f10x_hd.o
       436          6          0          0          0       3805   stm32f10x_gpio.o
        26          0          0          0          0       3506   stm32f10x_it.o
       276         32          0         20          0       4330   stm32f10x_rcc.o
       450          6          0          0          0       5995   stm32f10x_usart.o
         0          0          0          0          0         32   sys.o
       328         28          0         20          0       1977   system_stm32f10x.o
       538         28          0          4          0       7090   usart.o

    ----------------------------------------------------------------------
     20146       2100       3578        156       1680     355511   Object Totals
         0          0         32          0          0          0   (incl. Generated)
        24          0          6          8          0          0   (incl. Padding)

    ----------------------------------------------------------------------

      Code (inc. data)   RO Data    RW Data    ZI Data      Debug   Library Member Name

        24          4          0          0          0         84   __2printf.o
        44          6          0          0          0         84   __2sprintf.o
         8          0          0          0          0         68   __main.o
       392          4         17          0          0         92   __printf_flags_ss_wp.o
        14          0          0          0          0         68   __printf_wp.o
         0          0          0          0          0          0   __rtentry.o
        12          0          0          0          0          0   __rtentry2.o
         6          0          0          0          0          0   __rtentry4.o
        52          8          0          0          0          0   __scatter.o
        26          0          0          0          0          0   __scatter_copy.o
        28          0          0          0          0          0   __scatter_zi.o
        28          0          0          0          0         68   _chval.o
         6          0          0          0          0          0   _printf_a.o
         6          0          0          0          0          0   _printf_c.o
        44          0          0          0          0        108   _printf_char.o
        48          6          0          0          0         96   _printf_char_common.o
        36          4          0          0          0         80   _printf_char_file.o
        40          0          0          0          0         68   _printf_charcount.o
         6          0          0          0          0          0   _printf_d.o
       120         16          0          0          0         92   _printf_dec.o
         6          0          0          0          0          0   _printf_e.o
         6          0          0          0          0          0   _printf_f.o
      1050          0          0          0          0        216   _printf_fp_dec.o
       128         16          0          0          0         84   _printf_fp_infnan.o
         6          0          0          0          0          0   _printf_g.o
       148          4         40          0          0        160   _printf_hex_int_ll_ptr.o
         6          0          0          0          0          0   _printf_i.o
       178          0          0          0          0         88   _printf_intcommon.o
        10          0          0          0          0          0   _printf_l.o
         6          0          0          0          0          0   _printf_lc.o
        10          0          0          0          0          0   _printf_ll.o
         6          0          0          0          0          0   _printf_lld.o
         6          0          0          0          0          0   _printf_lli.o
         6          0          0          0          0          0   _printf_llo.o
         6          0          0          0          0          0   _printf_llu.o
         6          0          0          0          0          0   _printf_llx.o
       124         16          0          0          0         92   _printf_longlong_dec.o
         6          0          0          0          0          0   _printf_ls.o
         6          0          0          0          0          0   _printf_n.o
         6          0          0          0          0          0   _printf_o.o
       112          8          0          0          0        124   _printf_oct_int_ll.o
         6          0          0          0          0          0   _printf_p.o
        78          0          0          0          0        108   _printf_pad.o
         0          0          0          0          0          0   _printf_percent.o
         4          0          0          0          0          0   _printf_percent_end.o
         6          0          0          0          0          0   _printf_s.o
        82          0          0          0          0         80   _printf_str.o
        36          0          0          0          0         84   _printf_truncate.o
         6          0          0          0          0          0   _printf_u.o
        44          0          0          0          0        108   _printf_wchar.o
       188          6          8          0          0         92   _printf_wctomb.o
         6          0          0          0          0          0   _printf_x.o
        22          0          0          0          0        100   _rserrno.o
        16          0          0          0          0         68   _snputc.o
        10          0          0          0          0         68   _sputc.o
       158          0          0          0          0         92   _strtoul.o
        64          0          0          0          0         92   _wcrtomb.o
        16          0          0          0          0         68   aeabi_memset.o
        26          0          0          0          0         80   atoi.o
       220          4        148          0          0         96   bigflt0.o
      1910        128          0          0          0        672   btod.o
        52          4          0          0          0         80   c89vsnprintf.o
        10          0          0          0          0         68   defsig_exit.o
        50          0          0          0          0         88   defsig_general.o
        80         58          0          0          0         76   defsig_rtmem_inner.o
        14          0          0          0          0         80   defsig_rtmem_outer.o
        18          0          0          0          0         80   exit.o
         8          0          0          0          0         68   ferror.o
        94          0          0          0          0         80   h1_alloc.o
        52          0          0          0          0         68   h1_extend.o
        78          0          0          0          0         80   h1_free.o
        14          0          0          0          0         84   h1_init.o
         6          0          0          0          0        152   heapauxi.o
         4          0          0          0          0        136   hguard.o
       138          0          0          0          0        168   init_alloc.o
        44         10        272          0          0         76   lc_ctype_c.o
        44         10         28          0          0         76   lc_numeric_c.o
         2          0          0          0          0          0   libinit.o
        38          0          0          0          0          0   libinit2.o
         2          0          0          0          0          0   libshutdown.o
         2          0          0          0          0          0   libshutdown2.o
         8          4          0          0         96         68   libspace.o
        72          0          0          0          0         76   llsdiv.o
       138          0          0          0          0         80   lludiv10.o
       238          0          0          0          0        100   lludivv7m.o
         0          0          0          0          0          0   maybetermalloc1.o
        88          0          0          0          0         76   memcmp.o
        16          4          0          0          0         76   rt_ctype_table.o
         8          4          0          0          0         68   rt_errno_addr_intlibspace.o
         8          4          0          0          0         68   rt_heap_descriptor_intlibspace.o
         8          4          0          0          0         68   rt_locale_intlibspace.o
        68          0          0          0          0         68   rt_memclr.o
        78          0          0          0          0         80   rt_memclr_w.o
       138          0          0          0          0         68   rt_memcpy_v6.o
       100          0          0          0          0         80   rt_memcpy_w.o
         2          0          0          0          0          0   rtexit.o
        10          0          0          0          0          0   rtexit2.o
        20          0          0          0          0         68   strchr.o
       128          0          0          0          0         68   strcmpv7m.o
        62          0          0          0          0         76   strlen.o
        36          0          0          0          0         76   strncat.o
        36          0          0          0          0         80   strstr.o
       112          0          0          0          0         88   strtol.o
        74          0          0          0          0         80   sys_stackheap_outer.o
         2          0          0          0          0         68   use_no_semi.o
         2          0          0          0          0         68   use_no_semi_2.o
        98          4          0          0          0         92   d2f.o
       826         16          0          0          0        348   daddsub_clz.o
        16          4          0          0          0         68   dcheck1.o
       688        140          0          0          0        208   ddiv.o
       340         12          0          0          0        104   dmul.o
       156          4          0          0          0         92   dnaninf.o
        12          0          0          0          0         68   dretinf.o
       460         56          0          0          0        120   dsqrt_noumaal.o
        86          4          0          0          0         84   f2d.o
       430          8          0          0          0        168   faddsub_clz.o
        24          0          0          0          0         68   fcmpi.o
       388         76          0          0          0         96   fdiv.o
       104          4          0          0          0         84   feqf.o
        54          4          0          0          0         84   ffix.o
        62          4          0          0          0         84   ffixu.o
        86          0          0          0          0        136   fflt_clz.o
       104          4          0          0          0         84   fleqf.o
       258          4          0          0          0         84   fmul.o
       140          4          0          0          0         84   fnaninf.o
        10          0          0          0          0         68   fretinf.o
        98          0          0          0          0         68   frleqf.o
         4          0          0          0          0         68   printf1.o
       100          0          0          0          0         68   retnan.o
        92          0          0          0          0         68   scalbn.o
        48          0          0          0          0         68   trapv.o
         0          0          0          0          0          0   usenofp.o
       624         52         80          0          0        168   asin.o
       544         70        152          0          0        124   atan.o
       384         38          0          0          0        144   atan2.o
        38          6          0          0          0        272   dunder.o
        40          0          0          0          0         68   fpclassify.o
       170          0          0          0          0         96   poly.o
         0          0          8          0          0          0   qnan.o
        76          0          0          0          0         84   sqrt.o

    ----------------------------------------------------------------------
     14474        846        758          0        100      10108   Library Totals
        36          0          5          0          4          0   (incl. Padding)

    ----------------------------------------------------------------------

      Code (inc. data)   RO Data    RW Data    ZI Data      Debug   Library Name

      7878        332        513          0         96       6588   c_w.l
      4684        348          0          0          0       2564   fz_ws.l
      1876        166        240          0          0        956   m_ws.l

    ----------------------------------------------------------------------
     14474        846        758          0        100      10108   Library Totals

    ----------------------------------------------------------------------

==============================================================================


      Code (inc. data)   RO Data    RW Data    ZI Data      Debug   

     34620       2946       4336        156       1780     352303   Grand Totals
     34620       2946       4336        156       1780     352303   ELF Image Totals
     34620       2946       4336        156          0          0   ROM Totals

==============================================================================

    Total RO  Size (Code + RO Data)                38956 (  38.04kB)
    Total RW  Size (RW Data + ZI Data)              1936 (   1.89kB)
    Total ROM Size (Code + RO Data + RW Data)      39112 (  38.20kB)

==============================================================================

